Archive member included because of file (symbol)

/usr/lib/gcc/avr/4.3.4/avr5/libgcc.a(_exit.o)
                              /usr/lib/gcc/avr/4.3.4/../../../avr/lib/avr5/crtm328p.o (exit)
/usr/lib/gcc/avr/4.3.4/avr5/libgcc.a(_copy_data.o)
                              obj/Debug/arch/avr-gcc/bugurt_kernel.o (__do_copy_data)
/usr/lib/gcc/avr/4.3.4/avr5/libgcc.a(_clear_bss.o)
                              obj/Debug/arch/avr-gcc/bugurt_kernel.o (__do_clear_bss)

Allocating common symbols
Common symbol       size              file

proc                0xc4              obj/Debug/main.o
stack               0x200             obj/Debug/main.o
kernel              0x61              obj/Debug/kernel/kernel.o

Discarded input sections

 .data          0x00000000        0x0 /usr/lib/gcc/avr/4.3.4/../../../avr/lib/avr5/crtm328p.o
 .bss           0x00000000        0x0 /usr/lib/gcc/avr/4.3.4/../../../avr/lib/avr5/crtm328p.o
 .text          0x00000000        0x0 obj/Debug/arch/avr-gcc/bugurt_kernel.o
 .bss           0x00000000        0x0 obj/Debug/arch/avr-gcc/bugurt_kernel.o
 .data          0x00000000        0x0 obj/Debug/arch/avr-gcc/bugurt_kernel_asm.o
 .bss           0x00000000        0x0 obj/Debug/arch/avr-gcc/bugurt_kernel_asm.o
 .text          0x00000000        0x0 obj/Debug/kernel/crit_sec.o
 .data          0x00000000        0x0 obj/Debug/kernel/crit_sec.o
 .bss           0x00000000        0x0 obj/Debug/kernel/crit_sec.o
 .text          0x00000000        0x0 obj/Debug/kernel/gitem.o
 .data          0x00000000        0x0 obj/Debug/kernel/gitem.o
 .bss           0x00000000        0x0 obj/Debug/kernel/gitem.o
 .text          0x00000000        0x0 obj/Debug/kernel/group.o
 .data          0x00000000        0x0 obj/Debug/kernel/group.o
 .bss           0x00000000        0x0 obj/Debug/kernel/group.o
 .text          0x00000000        0x0 obj/Debug/kernel/index.o
 .data          0x00000000        0x0 obj/Debug/kernel/index.o
 .bss           0x00000000        0x0 obj/Debug/kernel/index.o
 .text          0x00000000        0x0 obj/Debug/kernel/ipc.o
 .data          0x00000000        0x0 obj/Debug/kernel/ipc.o
 .bss           0x00000000        0x0 obj/Debug/kernel/ipc.o
 .text          0x00000000        0x0 obj/Debug/kernel/item.o
 .data          0x00000000        0x0 obj/Debug/kernel/item.o
 .bss           0x00000000        0x0 obj/Debug/kernel/item.o
 .text          0x00000000        0x0 obj/Debug/kernel/kernel.o
 .data          0x00000000        0x0 obj/Debug/kernel/kernel.o
 .bss           0x00000000        0x0 obj/Debug/kernel/kernel.o
 .text.idle_main
                0x00000000       0x10 obj/Debug/kernel/kernel.o
 .text          0x00000000        0x0 obj/Debug/kernel/mutex.o
 .data          0x00000000        0x0 obj/Debug/kernel/mutex.o
 .bss           0x00000000        0x0 obj/Debug/kernel/mutex.o
 .text          0x00000000        0x0 obj/Debug/kernel/pcounter.o
 .data          0x00000000        0x0 obj/Debug/kernel/pcounter.o
 .bss           0x00000000        0x0 obj/Debug/kernel/pcounter.o
 .text.pcounter_plus
                0x00000000       0x88 obj/Debug/kernel/pcounter.o
 .text.pcounter_minus
                0x00000000       0xd6 obj/Debug/kernel/pcounter.o
 .text          0x00000000        0x0 obj/Debug/kernel/proc.o
 .data          0x00000000        0x0 obj/Debug/kernel/proc.o
 .bss           0x00000000        0x0 obj/Debug/kernel/proc.o
 .text          0x00000000        0x0 obj/Debug/kernel/sched.o
 .data          0x00000000        0x0 obj/Debug/kernel/sched.o
 .bss           0x00000000        0x0 obj/Debug/kernel/sched.o
 .text          0x00000000        0x0 obj/Debug/kernel/sem.o
 .data          0x00000000        0x0 obj/Debug/kernel/sem.o
 .bss           0x00000000        0x0 obj/Debug/kernel/sem.o
 .text          0x00000000        0x0 obj/Debug/kernel/sig.o
 .data          0x00000000        0x0 obj/Debug/kernel/sig.o
 .bss           0x00000000        0x0 obj/Debug/kernel/sig.o
 .text          0x00000000        0x0 obj/Debug/kernel/syscall.o
 .text.proc_init
                0x00000000       0xd6 obj/Debug/kernel/syscall.o
 .text.proc_run
                0x00000000       0x3c obj/Debug/kernel/syscall.o
 .text.proc_restart
                0x00000000       0x3a obj/Debug/kernel/syscall.o
 .text.proc_stop
                0x00000000       0x3a obj/Debug/kernel/syscall.o
 .text.proc_self_stop
                0x00000000       0x18 obj/Debug/kernel/syscall.o
 .text.proc_flag_stop
                0x00000000       0x34 obj/Debug/kernel/syscall.o
 .text.proc_reset_watchdog
                0x00000000       0x18 obj/Debug/kernel/syscall.o
 .text.sig_init
                0x00000000       0x24 obj/Debug/kernel/syscall.o
 .text.sig_wait
                0x00000000       0x40 obj/Debug/kernel/syscall.o
 .text.sig_signal
                0x00000000       0x24 obj/Debug/kernel/syscall.o
 .text.sig_broadcast
                0x00000000       0x24 obj/Debug/kernel/syscall.o
 .text.sem_init
                0x00000000       0x4c obj/Debug/kernel/syscall.o
 .text.sem_lock
                0x00000000       0x3a obj/Debug/kernel/syscall.o
 .text.sem_try_lock
                0x00000000       0x3a obj/Debug/kernel/syscall.o
 .text.sem_unlock
                0x00000000       0x24 obj/Debug/kernel/syscall.o
 .text.mutex_init
                0x00000000       0x40 obj/Debug/kernel/syscall.o
 .text.mutex_lock
                0x00000000       0x3a obj/Debug/kernel/syscall.o
 .text.mutex_try_lock
                0x00000000       0x3a obj/Debug/kernel/syscall.o
 .text.mutex_unlock
                0x00000000       0x24 obj/Debug/kernel/syscall.o
 .text          0x00000000        0x0 obj/Debug/kernel/timer.o
 .data          0x00000000        0x0 obj/Debug/kernel/timer.o
 .bss           0x00000000        0x0 obj/Debug/kernel/timer.o
 .text          0x00000000        0x0 obj/Debug/kernel/xlist.o
 .data          0x00000000        0x0 obj/Debug/kernel/xlist.o
 .bss           0x00000000        0x0 obj/Debug/kernel/xlist.o
 .text          0x00000000        0x0 obj/Debug/main.o
 .data          0x00000000        0x0 obj/Debug/main.o
 .text.raise_syscall_interrupt
                0x00000000       0x46 obj/Debug/main.o
 .text.stop_scheduler
                0x00000000       0x1c obj/Debug/main.o
 .text.blink_5  0x00000000       0x28 obj/Debug/main.o
 .text.blink_6  0x00000000       0x28 obj/Debug/main.o
 .text.blink_7  0x00000000       0x28 obj/Debug/main.o
 .text.blink_8  0x00000000       0x28 obj/Debug/main.o
 .text.blink_9  0x00000000       0x28 obj/Debug/main.o
 .text.blink_10
                0x00000000       0x28 obj/Debug/main.o
 .text.blink_11
                0x00000000       0x28 obj/Debug/main.o
 .text          0x00000000        0x0 /usr/lib/gcc/avr/4.3.4/avr5/libgcc.a(_exit.o)
 .data          0x00000000        0x0 /usr/lib/gcc/avr/4.3.4/avr5/libgcc.a(_exit.o)
 .bss           0x00000000        0x0 /usr/lib/gcc/avr/4.3.4/avr5/libgcc.a(_exit.o)
 .text.libgcc   0x00000000        0x0 /usr/lib/gcc/avr/4.3.4/avr5/libgcc.a(_exit.o)
 .text          0x00000000        0x0 /usr/lib/gcc/avr/4.3.4/avr5/libgcc.a(_copy_data.o)
 .data          0x00000000        0x0 /usr/lib/gcc/avr/4.3.4/avr5/libgcc.a(_copy_data.o)
 .bss           0x00000000        0x0 /usr/lib/gcc/avr/4.3.4/avr5/libgcc.a(_copy_data.o)
 .text.libgcc   0x00000000        0x0 /usr/lib/gcc/avr/4.3.4/avr5/libgcc.a(_copy_data.o)
 .text          0x00000000        0x0 /usr/lib/gcc/avr/4.3.4/avr5/libgcc.a(_clear_bss.o)
 .data          0x00000000        0x0 /usr/lib/gcc/avr/4.3.4/avr5/libgcc.a(_clear_bss.o)
 .bss           0x00000000        0x0 /usr/lib/gcc/avr/4.3.4/avr5/libgcc.a(_clear_bss.o)
 .text.libgcc   0x00000000        0x0 /usr/lib/gcc/avr/4.3.4/avr5/libgcc.a(_clear_bss.o)

Memory Configuration

Name             Origin             Length             Attributes
text             0x00000000         0x00020000         xr
data             0x00800060         0x0000ffa0         rw !x
eeprom           0x00810000         0x00010000         rw !x
fuse             0x00820000         0x00000400         rw !x
lock             0x00830000         0x00000400         rw !x
signature        0x00840000         0x00000400         rw !x
*default*        0x00000000         0xffffffff

Linker script and memory map

Address of section .data set to 0x800100
LOAD /usr/lib/gcc/avr/4.3.4/../../../avr/lib/avr5/crtm328p.o
LOAD obj/Debug/arch/avr-gcc/bugurt_kernel.o
LOAD obj/Debug/arch/avr-gcc/bugurt_kernel_asm.o
LOAD obj/Debug/kernel/crit_sec.o
LOAD obj/Debug/kernel/gitem.o
LOAD obj/Debug/kernel/group.o
LOAD obj/Debug/kernel/index.o
LOAD obj/Debug/kernel/ipc.o
LOAD obj/Debug/kernel/item.o
LOAD obj/Debug/kernel/kernel.o
LOAD obj/Debug/kernel/mutex.o
LOAD obj/Debug/kernel/pcounter.o
LOAD obj/Debug/kernel/proc.o
LOAD obj/Debug/kernel/sched.o
LOAD obj/Debug/kernel/sem.o
LOAD obj/Debug/kernel/sig.o
LOAD obj/Debug/kernel/syscall.o
LOAD obj/Debug/kernel/timer.o
LOAD obj/Debug/kernel/xlist.o
LOAD obj/Debug/main.o
LOAD /usr/lib/gcc/avr/4.3.4/avr5/libgcc.a
LOAD /usr/lib/gcc/avr/4.3.4/../../../avr/lib/avr5/libm.a
LOAD /usr/lib/gcc/avr/4.3.4/avr5/libgcc.a
LOAD /usr/lib/gcc/avr/4.3.4/../../../avr/lib/avr5/libc.a
LOAD /usr/lib/gcc/avr/4.3.4/avr5/libgcc.a

.hash
 *(.hash)

.dynsym
 *(.dynsym)

.dynstr
 *(.dynstr)

.gnu.version
 *(.gnu.version)

.gnu.version_d
 *(.gnu.version_d)

.gnu.version_r
 *(.gnu.version_r)

.rel.init
 *(.rel.init)

.rela.init
 *(.rela.init)

.rel.text
 *(.rel.text)
 *(.rel.text.*)
 *(.rel.gnu.linkonce.t*)

.rela.text
 *(.rela.text)
 *(.rela.text.*)
 *(.rela.gnu.linkonce.t*)

.rel.fini
 *(.rel.fini)

.rela.fini
 *(.rela.fini)

.rel.rodata
 *(.rel.rodata)
 *(.rel.rodata.*)
 *(.rel.gnu.linkonce.r*)

.rela.rodata
 *(.rela.rodata)
 *(.rela.rodata.*)
 *(.rela.gnu.linkonce.r*)

.rel.data
 *(.rel.data)
 *(.rel.data.*)
 *(.rel.gnu.linkonce.d*)

.rela.data
 *(.rela.data)
 *(.rela.data.*)
 *(.rela.gnu.linkonce.d*)

.rel.ctors
 *(.rel.ctors)

.rela.ctors
 *(.rela.ctors)

.rel.dtors
 *(.rel.dtors)

.rela.dtors
 *(.rela.dtors)

.rel.got
 *(.rel.got)

.rela.got
 *(.rela.got)

.rel.bss
 *(.rel.bss)

.rela.bss
 *(.rela.bss)

.rel.plt
 *(.rel.plt)

.rela.plt
 *(.rela.plt)

.text           0x00000000     0x27fe
 *(.vectors)
 .vectors       0x00000000       0x68 /usr/lib/gcc/avr/4.3.4/../../../avr/lib/avr5/crtm328p.o
                0x00000000                __vectors
                0x00000000                __vector_default
 *(.vectors)
 *(.progmem.gcc*)
 *(.progmem*)
                0x00000068                . = ALIGN (0x2)
                0x00000068                __trampolines_start = .
 *(.trampolines)
 .trampolines   0x00000068        0x0 linker stubs
 *(.trampolines*)
                0x00000068                __trampolines_end = .
 *(.jumptables)
 *(.jumptables*)
 *(.lowtext)
 *(.lowtext*)
                0x00000068                __ctors_start = .
 *(.ctors)
                0x00000068                __ctors_end = .
                0x00000068                __dtors_start = .
 *(.dtors)
                0x00000068                __dtors_end = .
 SORT(*)(.ctors)
 SORT(*)(.dtors)
 *(.init0)
 .init0         0x00000068        0x0 /usr/lib/gcc/avr/4.3.4/../../../avr/lib/avr5/crtm328p.o
                0x00000068                __init
 *(.init0)
 *(.init1)
 *(.init1)
 *(.init2)
 .init2         0x00000068        0xc /usr/lib/gcc/avr/4.3.4/../../../avr/lib/avr5/crtm328p.o
 *(.init2)
 *(.init3)
 *(.init3)
 *(.init4)
 .init4         0x00000074       0x16 /usr/lib/gcc/avr/4.3.4/avr5/libgcc.a(_copy_data.o)
                0x00000074                __do_copy_data
 .init4         0x0000008a       0x10 /usr/lib/gcc/avr/4.3.4/avr5/libgcc.a(_clear_bss.o)
                0x0000008a                __do_clear_bss
 *(.init4)
 *(.init5)
 *(.init5)
 *(.init6)
 *(.init6)
 *(.init7)
 *(.init7)
 *(.init8)
 *(.init8)
 *(.init9)
 .init9         0x0000009a        0x8 /usr/lib/gcc/avr/4.3.4/../../../avr/lib/avr5/crtm328p.o
 *(.init9)
 *(.text)
 .text          0x000000a2        0x4 /usr/lib/gcc/avr/4.3.4/../../../avr/lib/avr5/crtm328p.o
                0x000000a2                __vector_22
                0x000000a2                __vector_1
                0x000000a2                __vector_24
                0x000000a2                __vector_12
                0x000000a2                __bad_interrupt
                0x000000a2                __vector_6
                0x000000a2                __vector_3
                0x000000a2                __vector_23
                0x000000a2                __vector_25
                0x000000a2                __vector_11
                0x000000a2                __vector_13
                0x000000a2                __vector_17
                0x000000a2                __vector_19
                0x000000a2                __vector_5
                0x000000a2                __vector_4
                0x000000a2                __vector_9
                0x000000a2                __vector_2
                0x000000a2                __vector_21
                0x000000a2                __vector_15
                0x000000a2                __vector_8
                0x000000a2                __vector_14
                0x000000a2                __vector_10
                0x000000a2                __vector_16
                0x000000a2                __vector_18
                0x000000a2                __vector_20
 .text          0x000000a6       0xbe obj/Debug/arch/avr-gcc/bugurt_kernel_asm.o
                0x000000a6                bugurt_save_context
                0x000000fe                bugurt_restore_context
                0x00000154                bugurt_set_stack_pointer
                0x00000164                . = ALIGN (0x2)
 *(.text.*)
 .text.proc_stack_init
                0x00000164      0x2d8 obj/Debug/arch/avr-gcc/bugurt_kernel.o
                0x00000164                proc_stack_init
 .text.disable_interrupts
                0x0000043c       0x10 obj/Debug/arch/avr-gcc/bugurt_kernel.o
                0x0000043c                disable_interrupts
 .text.enable_interrupts
                0x0000044c       0x10 obj/Debug/arch/avr-gcc/bugurt_kernel.o
                0x0000044c                enable_interrupts
 .text.current_proc
                0x0000045c       0x16 obj/Debug/arch/avr-gcc/bugurt_kernel.o
                0x0000045c                current_proc
 .text.resched  0x00000472       0x18 obj/Debug/arch/avr-gcc/bugurt_kernel.o
                0x00000472                resched
 .text.bugurt_check_resched
                0x0000048a       0x2c obj/Debug/arch/avr-gcc/bugurt_kernel.o
                0x0000048a                bugurt_check_resched
 .text.__vector_7
                0x000004b6       0x5c obj/Debug/arch/avr-gcc/bugurt_kernel.o
                0x000004b6                __vector_7
 .text._syscall
                0x00000512       0x38 obj/Debug/arch/avr-gcc/bugurt_kernel.o
                0x00000512                _syscall
 .text.syscall_bugurt
                0x0000054a       0x36 obj/Debug/arch/avr-gcc/bugurt_kernel.o
                0x0000054a                syscall_bugurt
 .text.init_bugurt
                0x00000580       0x20 obj/Debug/arch/avr-gcc/bugurt_kernel.o
                0x00000580                init_bugurt
 .text.start_bugurt
                0x000005a0       0x24 obj/Debug/arch/avr-gcc/bugurt_kernel.o
                0x000005a0                start_bugurt
 .text.enter_crit_sec
                0x000005c4       0x24 obj/Debug/kernel/crit_sec.o
                0x000005c4                enter_crit_sec
 .text.exit_crit_sec
                0x000005e8       0x3c obj/Debug/kernel/crit_sec.o
                0x000005e8                exit_crit_sec
 .text.gitem_init
                0x00000624       0x4c obj/Debug/kernel/gitem.o
                0x00000624                gitem_init
 .text.gitem_insert
                0x00000670       0xb8 obj/Debug/kernel/gitem.o
                0x00000670                gitem_insert
 .text.gitem_insert_group
                0x00000728       0xf6 obj/Debug/kernel/gitem.o
                0x00000728                gitem_insert_group
 .text.gitem_fast_cut
                0x0000081e      0x10c obj/Debug/kernel/gitem.o
                0x0000081e                gitem_fast_cut
 .text.gitem_cut
                0x0000092a       0x2e obj/Debug/kernel/gitem.o
                0x0000092a                gitem_cut
 .text.gitem_xlist_merge
                0x00000958      0x178 obj/Debug/kernel/gitem.o
                0x00000958                gitem_xlist_merge
 .text.group_init
                0x00000ad0       0x3a obj/Debug/kernel/group.o
                0x00000ad0                group_init
 .text.group_push
                0x00000b0a       0x34 obj/Debug/kernel/group.o
                0x00000b0a                group_push
 .text.group_pop
                0x00000b3e       0x34 obj/Debug/kernel/group.o
                0x00000b3e                group_pop
 .text.index_search
                0x00000b72       0x7e obj/Debug/kernel/index.o
                0x00000b72                index_search
 .text._ipc_wait
                0x00000bf0       0x60 obj/Debug/kernel/ipc.o
                0x00000bf0                _ipc_wait
 .text.ipc_send_pointer_isr
                0x00000c50       0x6a obj/Debug/kernel/ipc.o
                0x00000c50                ipc_send_pointer_isr
 .text.ipc_send_data_isr
                0x00000cba       0x60 obj/Debug/kernel/ipc.o
                0x00000cba                ipc_send_data_isr
 .text.item_init
                0x00000d1a       0x30 obj/Debug/kernel/item.o
                0x00000d1a                item_init
 .text.item_insert
                0x00000d4a       0x64 obj/Debug/kernel/item.o
                0x00000d4a                item_insert
 .text.item_cut
                0x00000dae       0x6c obj/Debug/kernel/item.o
                0x00000dae                item_cut
 .text.kernel_init
                0x00000e1a       0x6a obj/Debug/kernel/kernel.o
                0x00000e1a                kernel_init
 .text.mutex_init_isr
                0x00000e84       0x36 obj/Debug/kernel/mutex.o
                0x00000e84                mutex_init_isr
 .text._mutex_lock
                0x00000eba       0x98 obj/Debug/kernel/mutex.o
                0x00000eba                _mutex_lock
 .text._mutex_try_lock
                0x00000f52       0x58 obj/Debug/kernel/mutex.o
                0x00000f52                _mutex_try_lock
 .text._mutex_unlock
                0x00000faa       0xd0 obj/Debug/kernel/mutex.o
                0x00000faa                _mutex_unlock
 .text.pcounter_init
                0x0000107a       0x4a obj/Debug/kernel/pcounter.o
                0x0000107a                pcounter_init
 .text.pcounter_inc
                0x000010c4       0x78 obj/Debug/kernel/pcounter.o
                0x000010c4                pcounter_inc
 .text.pcounter_dec
                0x0000113c       0xa4 obj/Debug/kernel/pcounter.o
                0x0000113c                pcounter_dec
 .text.proc_init_isr
                0x000011e0      0x11a obj/Debug/kernel/proc.o
                0x000011e0                proc_init_isr
 .text._proc_run
                0x000012fa       0x40 obj/Debug/kernel/proc.o
                0x000012fa                _proc_run
 .text.proc_run_isr
                0x0000133a       0x3e obj/Debug/kernel/proc.o
                0x0000133a                proc_run_isr
 .text.proc_restart_isr
                0x00001378       0xb2 obj/Debug/kernel/proc.o
                0x00001378                proc_restart_isr
 .text._proc_stop
                0x0000142a       0x36 obj/Debug/kernel/proc.o
                0x0000142a                _proc_stop
 .text.proc_stop_isr
                0x00001460       0x60 obj/Debug/kernel/proc.o
                0x00001460                proc_stop_isr
 .text._proc_flag_stop
                0x000014c0       0x78 obj/Debug/kernel/proc.o
                0x000014c0                _proc_flag_stop
 .text._proc_terminate
                0x00001538       0x6c obj/Debug/kernel/proc.o
                0x00001538                _proc_terminate
 .text._proc_reset_watchdog
                0x000015a4       0x3c obj/Debug/kernel/proc.o
                0x000015a4                _proc_reset_watchdog
 .text._proc_lres_inc
                0x000015e0       0x46 obj/Debug/kernel/proc.o
                0x000015e0                _proc_lres_inc
 .text._proc_lres_dec
                0x00001626       0x46 obj/Debug/kernel/proc.o
                0x00001626                _proc_lres_dec
 .text._proc_prio_control_stoped
                0x0000166c       0x82 obj/Debug/kernel/proc.o
                0x0000166c                _proc_prio_control_stoped
 .text._proc_prio_control_running
                0x000016ee       0x9e obj/Debug/kernel/proc.o
                0x000016ee                _proc_prio_control_running
 .text.sched_init
                0x0000178c       0x7c obj/Debug/kernel/sched.o
                0x0000178c                sched_init
 .text._sched_list_switch
                0x00001808       0x56 obj/Debug/kernel/sched.o
 .text.sched_schedule
                0x0000185e      0x158 obj/Debug/kernel/sched.o
                0x0000185e                sched_schedule
 .text.sched_reschedule
                0x000019b6       0x92 obj/Debug/kernel/sched.o
                0x000019b6                sched_reschedule
 .text.sem_init_isr
                0x00001a48       0x36 obj/Debug/kernel/sem.o
                0x00001a48                sem_init_isr
 .text._sem_lock
                0x00001a7e       0x7a obj/Debug/kernel/sem.o
                0x00001a7e                _sem_lock
 .text._sem_try_lock
                0x00001af8       0x42 obj/Debug/kernel/sem.o
                0x00001af8                _sem_try_lock
 .text.sem_unlock_isr
                0x00001b3a       0x6a obj/Debug/kernel/sem.o
                0x00001b3a                sem_unlock_isr
 .text.sig_init_isr
                0x00001ba4       0x20 obj/Debug/kernel/sig.o
                0x00001ba4                sig_init_isr
 .text._sig_wait_prologue
                0x00001bc4       0x52 obj/Debug/kernel/sig.o
                0x00001bc4                _sig_wait_prologue
 .text.sig_signal_isr
                0x00001c16       0x52 obj/Debug/kernel/sig.o
                0x00001c16                sig_signal_isr
 .text.sig_broadcast_isr
                0x00001c68       0x2e obj/Debug/kernel/sig.o
                0x00001c68                sig_broadcast_isr
 .text.do_syscall
                0x00001c96       0x46 obj/Debug/kernel/syscall.o
                0x00001c96                do_syscall
 .text.scall_proc_init
                0x00001cdc       0x92 obj/Debug/kernel/syscall.o
                0x00001cdc                scall_proc_init
 .text.scall_proc_run
                0x00001d6e       0x34 obj/Debug/kernel/syscall.o
                0x00001d6e                scall_proc_run
 .text.scall_proc_restart
                0x00001da2       0x34 obj/Debug/kernel/syscall.o
                0x00001da2                scall_proc_restart
 .text.scall_proc_stop
                0x00001dd6       0x34 obj/Debug/kernel/syscall.o
                0x00001dd6                scall_proc_stop
 .text.scall_proc_self_stop
                0x00001e0a       0x2e obj/Debug/kernel/syscall.o
                0x00001e0a                scall_proc_self_stop
 .text.scall_proc_terminate
                0x00001e38       0x20 obj/Debug/kernel/syscall.o
                0x00001e38                scall_proc_terminate
 .text.proc_run_wrapper
                0x00001e58       0x5a obj/Debug/kernel/syscall.o
                0x00001e58                proc_run_wrapper
 .text.scall_proc_flag_stop
                0x00001eb2       0x24 obj/Debug/kernel/syscall.o
                0x00001eb2                scall_proc_flag_stop
 .text.scall_proc_reset_watchdog
                0x00001ed6       0x1c obj/Debug/kernel/syscall.o
                0x00001ed6                scall_proc_reset_watchdog
 .text.scall_sig_init
                0x00001ef2       0x20 obj/Debug/kernel/syscall.o
                0x00001ef2                scall_sig_init
 .text.scall_sig_wait
                0x00001f12       0x20 obj/Debug/kernel/syscall.o
                0x00001f12                scall_sig_wait
 .text.scall_sig_signal
                0x00001f32       0x20 obj/Debug/kernel/syscall.o
                0x00001f32                scall_sig_signal
 .text.scall_sig_broadcast
                0x00001f52       0x20 obj/Debug/kernel/syscall.o
                0x00001f52                scall_sig_broadcast
 .text.scall_sem_init
                0x00001f72       0x2e obj/Debug/kernel/syscall.o
                0x00001f72                scall_sem_init
 .text.scall_sem_lock
                0x00001fa0       0x34 obj/Debug/kernel/syscall.o
                0x00001fa0                scall_sem_lock
 .text.scall_sem_try_lock
                0x00001fd4       0x34 obj/Debug/kernel/syscall.o
                0x00001fd4                scall_sem_try_lock
 .text.scall_sem_unlock
                0x00002008       0x20 obj/Debug/kernel/syscall.o
                0x00002008                scall_sem_unlock
 .text.scall_mutex_init
                0x00002028       0x2c obj/Debug/kernel/syscall.o
                0x00002028                scall_mutex_init
 .text.scall_mutex_lock
                0x00002054       0x34 obj/Debug/kernel/syscall.o
                0x00002054                scall_mutex_lock
 .text.scall_mutex_try_lock
                0x00002088       0x34 obj/Debug/kernel/syscall.o
                0x00002088                scall_mutex_try_lock
 .text.scall_mutex_unlock
                0x000020bc       0x20 obj/Debug/kernel/syscall.o
                0x000020bc                scall_mutex_unlock
 .text.scall_ipc_wait_pointer
                0x000020dc       0x26 obj/Debug/kernel/syscall.o
                0x000020dc                scall_ipc_wait_pointer
 .text.ipc_wait_pointer
                0x00002102       0x2a obj/Debug/kernel/syscall.o
                0x00002102                ipc_wait_pointer
 .text.scall_ipc_wait_data
                0x0000212c       0x26 obj/Debug/kernel/syscall.o
                0x0000212c                scall_ipc_wait_data
 .text.ipc_wait_data
                0x00002152       0x22 obj/Debug/kernel/syscall.o
                0x00002152                ipc_wait_data
 .text.scall_ipc_send_pointer
                0x00002174       0x3e obj/Debug/kernel/syscall.o
                0x00002174                scall_ipc_send_pointer
 .text.ipc_send_pointer
                0x000021b2       0x4e obj/Debug/kernel/syscall.o
                0x000021b2                ipc_send_pointer
 .text.scall_ipc_send_data
                0x00002200       0x3c obj/Debug/kernel/syscall.o
                0x00002200                scall_ipc_send_data
 .text.ipc_send_data
                0x0000223c       0x48 obj/Debug/kernel/syscall.o
                0x0000223c                ipc_send_data
 .text._clear_timer
                0x00002284       0x30 obj/Debug/kernel/timer.o
                0x00002284                _clear_timer
 .text._timer   0x000022b4       0x42 obj/Debug/kernel/timer.o
                0x000022b4                _timer
 .text.wait_time
                0x000022f6       0x50 obj/Debug/kernel/timer.o
                0x000022f6                wait_time
 .text.xlist_init
                0x00002346       0x54 obj/Debug/kernel/xlist.o
                0x00002346                xlist_init
 .text.xlist_head
                0x0000239a       0x58 obj/Debug/kernel/xlist.o
                0x0000239a                xlist_head
 .text.xlist_switch
                0x000023f2       0x50 obj/Debug/kernel/xlist.o
                0x000023f2                xlist_switch
 .text.start_scheduler
                0x00002442       0x1c obj/Debug/main.o
                0x00002442                start_scheduler
 .text.blink_1  0x0000245e       0x28 obj/Debug/main.o
                0x0000245e                blink_1
 .text.blink_2  0x00002486       0x28 obj/Debug/main.o
                0x00002486                blink_2
 .text.blink_3  0x000024ae       0x28 obj/Debug/main.o
                0x000024ae                blink_3
 .text.blink_4  0x000024d6       0x28 obj/Debug/main.o
                0x000024d6                blink_4
 .text.blink_12
                0x000024fe       0x48 obj/Debug/main.o
                0x000024fe                blink_12
 .text.main0    0x00002546       0x18 obj/Debug/main.o
                0x00002546                main0
 .text.main1    0x0000255e       0x18 obj/Debug/main.o
                0x0000255e                main1
 .text.main2    0x00002576       0x36 obj/Debug/main.o
                0x00002576                main2
 .text.main3    0x000025ac       0x24 obj/Debug/main.o
                0x000025ac                main3
 .text.idle_main
                0x000025d0       0x3a obj/Debug/main.o
                0x000025d0                idle_main
 .text.main     0x0000260a      0x1f0 obj/Debug/main.o
                0x0000260a                main
                0x000027fa                . = ALIGN (0x2)
 *(.fini9)
 .fini9         0x000027fa        0x0 /usr/lib/gcc/avr/4.3.4/avr5/libgcc.a(_exit.o)
                0x000027fa                exit
                0x000027fa                _exit
 *(.fini9)
 *(.fini8)
 *(.fini8)
 *(.fini7)
 *(.fini7)
 *(.fini6)
 *(.fini6)
 *(.fini5)
 *(.fini5)
 *(.fini4)
 *(.fini4)
 *(.fini3)
 *(.fini3)
 *(.fini2)
 *(.fini2)
 *(.fini1)
 *(.fini1)
 *(.fini0)
 .fini0         0x000027fa        0x4 /usr/lib/gcc/avr/4.3.4/avr5/libgcc.a(_exit.o)
 *(.fini0)
                0x000027fe                _etext = .

.data           0x00800100       0x32 load address 0x000027fe
                0x00800100                PROVIDE (__data_start, .)
 *(.data)
 .data          0x00800100        0x1 obj/Debug/arch/avr-gcc/bugurt_kernel.o
                0x00800100                kernel_state
 .data          0x00800101       0x30 obj/Debug/kernel/syscall.o
                0x00800101                syscall_routine
 *(.data*)
 *(.rodata)
 *(.rodata*)
 *(.gnu.linkonce.d*)
                0x00800132                . = ALIGN (0x2)
 *fill*         0x00800131        0x1 00
                0x00800132                _edata = .
                0x00800132                PROVIDE (__data_end, .)

.bss            0x00800132      0x33b
                0x00800132                PROVIDE (__bss_start, .)
 *(.bss)
 .bss           0x00800132       0x13 obj/Debug/kernel/syscall.o
                0x00800132                syscall_num
                0x00800133                syscall_arg
 .bss           0x00800145        0x3 obj/Debug/main.o
                0x00800145                test2
                0x00800147                test3
 *(.bss*)
 *(COMMON)
 COMMON         0x00800148       0x61 obj/Debug/kernel/kernel.o
                0x00800148                kernel
 COMMON         0x008001a9      0x2c4 obj/Debug/main.o
                0x008001a9                proc
                0x0080026d                stack
                0x0080046d                PROVIDE (__bss_end, .)
                0x000027fe                __data_load_start = LOADADDR (.data)
                0x00002830                __data_load_end = (__data_load_start + SIZEOF (.data))

.noinit         0x0080046d        0x0
                0x0080046d                PROVIDE (__noinit_start, .)
 *(.noinit*)
                0x0080046d                PROVIDE (__noinit_end, .)
                0x0080046d                _end = .
                0x0080046d                PROVIDE (__heap_start, .)

.eeprom         0x00810000        0x0
 *(.eeprom*)
                0x00810000                __eeprom_end = .

.fuse
 *(.fuse)
 *(.lfuse)
 *(.hfuse)
 *(.efuse)

.lock
 *(.lock*)

.signature
 *(.signature*)

.stab           0x00000000     0x7530
 *(.stab)
 .stab          0x00000000      0x6b4 /usr/lib/gcc/avr/4.3.4/../../../avr/lib/avr5/crtm328p.o
 .stab          0x000006b4      0xcfc obj/Debug/arch/avr-gcc/bugurt_kernel.o
                                0xd08 (size before relaxing)
 .stab          0x000013b0      0x4bc obj/Debug/kernel/crit_sec.o
                                0x6f0 (size before relaxing)
 .stab          0x0000186c      0x7f8 obj/Debug/kernel/gitem.o
                                0xc54 (size before relaxing)
 .stab          0x00002064      0x354 obj/Debug/kernel/group.o
                                0x7b0 (size before relaxing)
 .stab          0x000023b8      0x300 obj/Debug/kernel/index.o
                                0x75c (size before relaxing)
 .stab          0x000026b8      0x444 obj/Debug/kernel/ipc.o
                                0x8a0 (size before relaxing)
 .stab          0x00002afc      0x3cc obj/Debug/kernel/item.o
                                0x828 (size before relaxing)
 .stab          0x00002ec8      0x294 obj/Debug/kernel/kernel.o
                                0x6f0 (size before relaxing)
 .stab          0x0000315c      0x570 obj/Debug/kernel/mutex.o
                                0x9cc (size before relaxing)
 .stab          0x000036cc      0x3a8 obj/Debug/kernel/pcounter.o
                                0x948 (size before relaxing)
 .stab          0x00003a74      0xac8 obj/Debug/kernel/proc.o
                                0xf24 (size before relaxing)
 .stab          0x0000453c      0x570 obj/Debug/kernel/sched.o
                                0x9cc (size before relaxing)
 .stab          0x00004aac      0x4c8 obj/Debug/kernel/sem.o
                                0x924 (size before relaxing)
 .stab          0x00004f74      0x408 obj/Debug/kernel/sig.o
                                0x864 (size before relaxing)
 .stab          0x0000537c      0xfd8 obj/Debug/kernel/syscall.o
                               0x1e00 (size before relaxing)
 .stab          0x00006354      0x3a8 obj/Debug/kernel/timer.o
                                0x804 (size before relaxing)
 .stab          0x000066fc      0x3c0 obj/Debug/kernel/xlist.o
                                0x81c (size before relaxing)
 .stab          0x00006abc      0xa74 obj/Debug/main.o
                                0xf54 (size before relaxing)

.stabstr        0x00000000     0x37b3
 *(.stabstr)
 .stabstr       0x00000000     0x37b3 /usr/lib/gcc/avr/4.3.4/../../../avr/lib/avr5/crtm328p.o

.stab.excl
 *(.stab.excl)

.stab.exclstr
 *(.stab.exclstr)

.stab.index
 *(.stab.index)

.stab.indexstr
 *(.stab.indexstr)

.comment
 *(.comment)

.debug
 *(.debug)

.line
 *(.line)

.debug_srcinfo
 *(.debug_srcinfo)

.debug_sfnames
 *(.debug_sfnames)

.debug_aranges
 *(.debug_aranges)

.debug_pubnames
 *(.debug_pubnames)

.debug_info
 *(.debug_info)
 *(.gnu.linkonce.wi.*)

.debug_abbrev
 *(.debug_abbrev)

.debug_line
 *(.debug_line)

.debug_frame
 *(.debug_frame)

.debug_str
 *(.debug_str)

.debug_loc
 *(.debug_loc)

.debug_macinfo
 *(.debug_macinfo)
OUTPUT(bin/Debug/arduino328-test-1.elf elf32-avr)
LOAD linker stubs

Cross Reference Table

Symbol                                            File
__bad_interrupt                                   /usr/lib/gcc/avr/4.3.4/../../../avr/lib/avr5/crtm328p.o
__bss_end                                         /usr/lib/gcc/avr/4.3.4/avr5/libgcc.a(_clear_bss.o)
__bss_start                                       /usr/lib/gcc/avr/4.3.4/avr5/libgcc.a(_clear_bss.o)
__data_end                                        /usr/lib/gcc/avr/4.3.4/avr5/libgcc.a(_copy_data.o)
__data_load_start                                 /usr/lib/gcc/avr/4.3.4/avr5/libgcc.a(_copy_data.o)
__data_start                                      /usr/lib/gcc/avr/4.3.4/avr5/libgcc.a(_copy_data.o)
__do_clear_bss                                    /usr/lib/gcc/avr/4.3.4/avr5/libgcc.a(_clear_bss.o)
                                                  obj/Debug/main.o
                                                  obj/Debug/kernel/xlist.o
                                                  obj/Debug/kernel/timer.o
                                                  obj/Debug/kernel/syscall.o
                                                  obj/Debug/kernel/sig.o
                                                  obj/Debug/kernel/sem.o
                                                  obj/Debug/kernel/sched.o
                                                  obj/Debug/kernel/proc.o
                                                  obj/Debug/kernel/pcounter.o
                                                  obj/Debug/kernel/mutex.o
                                                  obj/Debug/kernel/kernel.o
                                                  obj/Debug/kernel/item.o
                                                  obj/Debug/kernel/ipc.o
                                                  obj/Debug/kernel/index.o
                                                  obj/Debug/kernel/group.o
                                                  obj/Debug/kernel/gitem.o
                                                  obj/Debug/kernel/crit_sec.o
                                                  obj/Debug/arch/avr-gcc/bugurt_kernel.o
__do_copy_data                                    /usr/lib/gcc/avr/4.3.4/avr5/libgcc.a(_copy_data.o)
                                                  obj/Debug/main.o
                                                  obj/Debug/kernel/xlist.o
                                                  obj/Debug/kernel/timer.o
                                                  obj/Debug/kernel/syscall.o
                                                  obj/Debug/kernel/sig.o
                                                  obj/Debug/kernel/sem.o
                                                  obj/Debug/kernel/sched.o
                                                  obj/Debug/kernel/proc.o
                                                  obj/Debug/kernel/pcounter.o
                                                  obj/Debug/kernel/mutex.o
                                                  obj/Debug/kernel/kernel.o
                                                  obj/Debug/kernel/item.o
                                                  obj/Debug/kernel/ipc.o
                                                  obj/Debug/kernel/index.o
                                                  obj/Debug/kernel/group.o
                                                  obj/Debug/kernel/gitem.o
                                                  obj/Debug/kernel/crit_sec.o
                                                  obj/Debug/arch/avr-gcc/bugurt_kernel.o
__heap_end                                        /usr/lib/gcc/avr/4.3.4/../../../avr/lib/avr5/crtm328p.o
__init                                            /usr/lib/gcc/avr/4.3.4/../../../avr/lib/avr5/crtm328p.o
__stack                                           /usr/lib/gcc/avr/4.3.4/../../../avr/lib/avr5/crtm328p.o
__vector_1                                        /usr/lib/gcc/avr/4.3.4/../../../avr/lib/avr5/crtm328p.o
__vector_10                                       /usr/lib/gcc/avr/4.3.4/../../../avr/lib/avr5/crtm328p.o
__vector_11                                       /usr/lib/gcc/avr/4.3.4/../../../avr/lib/avr5/crtm328p.o
__vector_12                                       /usr/lib/gcc/avr/4.3.4/../../../avr/lib/avr5/crtm328p.o
__vector_13                                       /usr/lib/gcc/avr/4.3.4/../../../avr/lib/avr5/crtm328p.o
__vector_14                                       /usr/lib/gcc/avr/4.3.4/../../../avr/lib/avr5/crtm328p.o
__vector_15                                       /usr/lib/gcc/avr/4.3.4/../../../avr/lib/avr5/crtm328p.o
__vector_16                                       /usr/lib/gcc/avr/4.3.4/../../../avr/lib/avr5/crtm328p.o
__vector_17                                       /usr/lib/gcc/avr/4.3.4/../../../avr/lib/avr5/crtm328p.o
__vector_18                                       /usr/lib/gcc/avr/4.3.4/../../../avr/lib/avr5/crtm328p.o
__vector_19                                       /usr/lib/gcc/avr/4.3.4/../../../avr/lib/avr5/crtm328p.o
__vector_2                                        /usr/lib/gcc/avr/4.3.4/../../../avr/lib/avr5/crtm328p.o
__vector_20                                       /usr/lib/gcc/avr/4.3.4/../../../avr/lib/avr5/crtm328p.o
__vector_21                                       /usr/lib/gcc/avr/4.3.4/../../../avr/lib/avr5/crtm328p.o
__vector_22                                       /usr/lib/gcc/avr/4.3.4/../../../avr/lib/avr5/crtm328p.o
__vector_23                                       /usr/lib/gcc/avr/4.3.4/../../../avr/lib/avr5/crtm328p.o
__vector_24                                       /usr/lib/gcc/avr/4.3.4/../../../avr/lib/avr5/crtm328p.o
__vector_25                                       /usr/lib/gcc/avr/4.3.4/../../../avr/lib/avr5/crtm328p.o
__vector_3                                        /usr/lib/gcc/avr/4.3.4/../../../avr/lib/avr5/crtm328p.o
__vector_4                                        /usr/lib/gcc/avr/4.3.4/../../../avr/lib/avr5/crtm328p.o
__vector_5                                        /usr/lib/gcc/avr/4.3.4/../../../avr/lib/avr5/crtm328p.o
__vector_6                                        /usr/lib/gcc/avr/4.3.4/../../../avr/lib/avr5/crtm328p.o
__vector_7                                        obj/Debug/arch/avr-gcc/bugurt_kernel.o
                                                  /usr/lib/gcc/avr/4.3.4/../../../avr/lib/avr5/crtm328p.o
__vector_8                                        /usr/lib/gcc/avr/4.3.4/../../../avr/lib/avr5/crtm328p.o
__vector_9                                        /usr/lib/gcc/avr/4.3.4/../../../avr/lib/avr5/crtm328p.o
__vector_default                                  /usr/lib/gcc/avr/4.3.4/../../../avr/lib/avr5/crtm328p.o
__vectors                                         /usr/lib/gcc/avr/4.3.4/../../../avr/lib/avr5/crtm328p.o
_clear_timer                                      obj/Debug/kernel/timer.o
_exit                                             /usr/lib/gcc/avr/4.3.4/avr5/libgcc.a(_exit.o)
_ipc_wait                                         obj/Debug/kernel/ipc.o
                                                  obj/Debug/kernel/syscall.o
_mutex_lock                                       obj/Debug/kernel/mutex.o
                                                  obj/Debug/kernel/syscall.o
_mutex_try_lock                                   obj/Debug/kernel/mutex.o
                                                  obj/Debug/kernel/syscall.o
_mutex_unlock                                     obj/Debug/kernel/mutex.o
                                                  obj/Debug/kernel/syscall.o
_proc_flag_stop                                   obj/Debug/kernel/proc.o
                                                  obj/Debug/kernel/syscall.o
_proc_lres_dec                                    obj/Debug/kernel/proc.o
                                                  obj/Debug/kernel/mutex.o
_proc_lres_inc                                    obj/Debug/kernel/proc.o
                                                  obj/Debug/kernel/mutex.o
_proc_prio_control_running                        obj/Debug/kernel/proc.o
                                                  obj/Debug/kernel/mutex.o
_proc_prio_control_stoped                         obj/Debug/kernel/proc.o
                                                  obj/Debug/kernel/mutex.o
_proc_reset_watchdog                              obj/Debug/kernel/proc.o
                                                  obj/Debug/kernel/syscall.o
_proc_run                                         obj/Debug/kernel/proc.o
                                                  obj/Debug/kernel/sem.o
                                                  obj/Debug/kernel/mutex.o
                                                  obj/Debug/kernel/ipc.o
_proc_stop                                        obj/Debug/kernel/proc.o
                                                  obj/Debug/kernel/syscall.o
                                                  obj/Debug/kernel/sem.o
_proc_terminate                                   obj/Debug/kernel/proc.o
                                                  obj/Debug/kernel/syscall.o
_sem_lock                                         obj/Debug/kernel/sem.o
                                                  obj/Debug/kernel/syscall.o
_sem_try_lock                                     obj/Debug/kernel/sem.o
                                                  obj/Debug/kernel/syscall.o
_sig_wait_prologue                                obj/Debug/kernel/sig.o
                                                  obj/Debug/kernel/syscall.o
_syscall                                          obj/Debug/arch/avr-gcc/bugurt_kernel.o
_timer                                            obj/Debug/kernel/timer.o
blink_1                                           obj/Debug/main.o
blink_10                                          obj/Debug/main.o
blink_11                                          obj/Debug/main.o
blink_12                                          obj/Debug/main.o
blink_2                                           obj/Debug/main.o
blink_3                                           obj/Debug/main.o
blink_4                                           obj/Debug/main.o
blink_5                                           obj/Debug/main.o
blink_6                                           obj/Debug/main.o
blink_7                                           obj/Debug/main.o
blink_8                                           obj/Debug/main.o
blink_9                                           obj/Debug/main.o
bugurt_check_resched                              obj/Debug/arch/avr-gcc/bugurt_kernel.o
bugurt_restore_context                            obj/Debug/arch/avr-gcc/bugurt_kernel_asm.o
                                                  obj/Debug/arch/avr-gcc/bugurt_kernel.o
bugurt_save_context                               obj/Debug/arch/avr-gcc/bugurt_kernel_asm.o
                                                  obj/Debug/arch/avr-gcc/bugurt_kernel.o
bugurt_set_stack_pointer                          obj/Debug/arch/avr-gcc/bugurt_kernel_asm.o
                                                  obj/Debug/arch/avr-gcc/bugurt_kernel.o
current_proc                                      obj/Debug/arch/avr-gcc/bugurt_kernel.o
                                                  obj/Debug/kernel/syscall.o
                                                  obj/Debug/kernel/sig.o
                                                  obj/Debug/kernel/sem.o
                                                  obj/Debug/kernel/proc.o
                                                  obj/Debug/kernel/mutex.o
                                                  obj/Debug/kernel/ipc.o
disable_interrupts                                obj/Debug/arch/avr-gcc/bugurt_kernel.o
                                                  obj/Debug/kernel/syscall.o
                                                  obj/Debug/kernel/crit_sec.o
do_syscall                                        obj/Debug/kernel/syscall.o
                                                  obj/Debug/arch/avr-gcc/bugurt_kernel.o
enable_interrupts                                 obj/Debug/arch/avr-gcc/bugurt_kernel.o
                                                  obj/Debug/kernel/syscall.o
                                                  obj/Debug/kernel/crit_sec.o
enter_crit_sec                                    obj/Debug/kernel/crit_sec.o
                                                  obj/Debug/kernel/timer.o
exit                                              /usr/lib/gcc/avr/4.3.4/avr5/libgcc.a(_exit.o)
                                                  /usr/lib/gcc/avr/4.3.4/../../../avr/lib/avr5/crtm328p.o
exit_crit_sec                                     obj/Debug/kernel/crit_sec.o
                                                  obj/Debug/kernel/timer.o
gitem_cut                                         obj/Debug/kernel/gitem.o
                                                  obj/Debug/kernel/sig.o
                                                  obj/Debug/kernel/sem.o
                                                  obj/Debug/kernel/proc.o
                                                  obj/Debug/kernel/mutex.o
                                                  obj/Debug/kernel/ipc.o
gitem_fast_cut                                    obj/Debug/kernel/gitem.o
                                                  obj/Debug/kernel/sig.o
                                                  obj/Debug/kernel/sched.o
gitem_init                                        obj/Debug/kernel/gitem.o
                                                  obj/Debug/kernel/proc.o
gitem_insert                                      obj/Debug/kernel/gitem.o
                                                  obj/Debug/kernel/sig.o
                                                  obj/Debug/kernel/sem.o
                                                  obj/Debug/kernel/sched.o
                                                  obj/Debug/kernel/proc.o
                                                  obj/Debug/kernel/mutex.o
gitem_insert_group                                obj/Debug/kernel/gitem.o
                                                  obj/Debug/kernel/sig.o
gitem_xlist_merge                                 obj/Debug/kernel/gitem.o
                                                  obj/Debug/kernel/sig.o
group_init                                        obj/Debug/kernel/group.o
                                                  obj/Debug/kernel/gitem.o
group_pop                                         obj/Debug/kernel/group.o
                                                  obj/Debug/kernel/gitem.o
group_push                                        obj/Debug/kernel/group.o
                                                  obj/Debug/kernel/gitem.o
idle_main                                         obj/Debug/main.o
                                                  obj/Debug/kernel/kernel.o
                                                  obj/Debug/arch/avr-gcc/bugurt_kernel.o
index_search                                      obj/Debug/kernel/index.o
                                                  obj/Debug/kernel/xlist.o
                                                  obj/Debug/kernel/proc.o
init_bugurt                                       obj/Debug/arch/avr-gcc/bugurt_kernel.o
                                                  obj/Debug/main.o
ipc_send_data                                     obj/Debug/kernel/syscall.o
                                                  obj/Debug/main.o
ipc_send_data_isr                                 obj/Debug/kernel/ipc.o
                                                  obj/Debug/kernel/syscall.o
ipc_send_pointer                                  obj/Debug/kernel/syscall.o
                                                  obj/Debug/main.o
ipc_send_pointer_isr                              obj/Debug/kernel/ipc.o
                                                  obj/Debug/kernel/syscall.o
ipc_wait_data                                     obj/Debug/kernel/syscall.o
                                                  obj/Debug/main.o
ipc_wait_pointer                                  obj/Debug/kernel/syscall.o
                                                  obj/Debug/main.o
item_cut                                          obj/Debug/kernel/item.o
                                                  obj/Debug/kernel/gitem.o
item_init                                         obj/Debug/kernel/item.o
                                                  obj/Debug/kernel/gitem.o
item_insert                                       obj/Debug/kernel/item.o
                                                  obj/Debug/kernel/gitem.o
kernel                                            obj/Debug/main.o
                                                  obj/Debug/kernel/timer.o
                                                  obj/Debug/kernel/sig.o
                                                  obj/Debug/kernel/sched.o
                                                  obj/Debug/kernel/proc.o
                                                  obj/Debug/kernel/kernel.o
                                                  obj/Debug/kernel/group.o
                                                  obj/Debug/kernel/crit_sec.o
                                                  obj/Debug/arch/avr-gcc/bugurt_kernel.o
kernel_init                                       obj/Debug/kernel/kernel.o
                                                  obj/Debug/arch/avr-gcc/bugurt_kernel.o
kernel_state                                      obj/Debug/arch/avr-gcc/bugurt_kernel.o
main                                              obj/Debug/main.o
                                                  /usr/lib/gcc/avr/4.3.4/../../../avr/lib/avr5/crtm328p.o
main0                                             obj/Debug/main.o
main1                                             obj/Debug/main.o
main2                                             obj/Debug/main.o
main3                                             obj/Debug/main.o
mutex_init                                        obj/Debug/kernel/syscall.o
mutex_init_isr                                    obj/Debug/kernel/mutex.o
                                                  obj/Debug/kernel/syscall.o
mutex_lock                                        obj/Debug/kernel/syscall.o
mutex_try_lock                                    obj/Debug/kernel/syscall.o
mutex_unlock                                      obj/Debug/kernel/syscall.o
pcounter_dec                                      obj/Debug/kernel/pcounter.o
                                                  obj/Debug/kernel/proc.o
pcounter_inc                                      obj/Debug/kernel/pcounter.o
                                                  obj/Debug/kernel/proc.o
pcounter_init                                     obj/Debug/kernel/pcounter.o
                                                  obj/Debug/kernel/proc.o
pcounter_minus                                    obj/Debug/kernel/pcounter.o
pcounter_plus                                     obj/Debug/kernel/pcounter.o
proc                                              obj/Debug/main.o
proc_flag_stop                                    obj/Debug/kernel/syscall.o
proc_init                                         obj/Debug/kernel/syscall.o
proc_init_isr                                     obj/Debug/kernel/proc.o
                                                  obj/Debug/main.o
                                                  obj/Debug/kernel/syscall.o
                                                  obj/Debug/kernel/kernel.o
proc_reset_watchdog                               obj/Debug/kernel/syscall.o
proc_restart                                      obj/Debug/kernel/syscall.o
proc_restart_isr                                  obj/Debug/kernel/proc.o
                                                  obj/Debug/kernel/syscall.o
proc_run                                          obj/Debug/kernel/syscall.o
proc_run_isr                                      obj/Debug/kernel/proc.o
                                                  obj/Debug/main.o
                                                  obj/Debug/kernel/syscall.o
proc_run_wrapper                                  obj/Debug/kernel/syscall.o
                                                  obj/Debug/kernel/proc.o
proc_self_stop                                    obj/Debug/kernel/syscall.o
proc_stack_init                                   obj/Debug/arch/avr-gcc/bugurt_kernel.o
                                                  obj/Debug/kernel/proc.o
proc_stop                                         obj/Debug/kernel/syscall.o
proc_stop_isr                                     obj/Debug/kernel/proc.o
                                                  obj/Debug/kernel/syscall.o
raise_syscall_interrupt                           obj/Debug/main.o
resched                                           obj/Debug/arch/avr-gcc/bugurt_kernel.o
                                                  obj/Debug/kernel/sig.o
                                                  obj/Debug/kernel/proc.o
                                                  obj/Debug/kernel/mutex.o
                                                  obj/Debug/kernel/ipc.o
scall_ipc_send_data                               obj/Debug/kernel/syscall.o
scall_ipc_send_pointer                            obj/Debug/kernel/syscall.o
scall_ipc_wait_data                               obj/Debug/kernel/syscall.o
scall_ipc_wait_pointer                            obj/Debug/kernel/syscall.o
scall_mutex_init                                  obj/Debug/kernel/syscall.o
scall_mutex_lock                                  obj/Debug/kernel/syscall.o
scall_mutex_try_lock                              obj/Debug/kernel/syscall.o
scall_mutex_unlock                                obj/Debug/kernel/syscall.o
scall_proc_flag_stop                              obj/Debug/kernel/syscall.o
scall_proc_init                                   obj/Debug/kernel/syscall.o
scall_proc_reset_watchdog                         obj/Debug/kernel/syscall.o
scall_proc_restart                                obj/Debug/kernel/syscall.o
scall_proc_run                                    obj/Debug/kernel/syscall.o
scall_proc_self_stop                              obj/Debug/kernel/syscall.o
scall_proc_stop                                   obj/Debug/kernel/syscall.o
scall_proc_terminate                              obj/Debug/kernel/syscall.o
scall_sem_init                                    obj/Debug/kernel/syscall.o
scall_sem_lock                                    obj/Debug/kernel/syscall.o
scall_sem_try_lock                                obj/Debug/kernel/syscall.o
scall_sem_unlock                                  obj/Debug/kernel/syscall.o
scall_sig_broadcast                               obj/Debug/kernel/syscall.o
scall_sig_init                                    obj/Debug/kernel/syscall.o
scall_sig_signal                                  obj/Debug/kernel/syscall.o
scall_sig_wait                                    obj/Debug/kernel/syscall.o
sched_init                                        obj/Debug/kernel/sched.o
                                                  obj/Debug/kernel/kernel.o
sched_reschedule                                  obj/Debug/kernel/sched.o
                                                  obj/Debug/arch/avr-gcc/bugurt_kernel.o
sched_schedule                                    obj/Debug/kernel/sched.o
                                                  obj/Debug/arch/avr-gcc/bugurt_kernel.o
sem_init                                          obj/Debug/kernel/syscall.o
sem_init_isr                                      obj/Debug/kernel/sem.o
                                                  obj/Debug/kernel/syscall.o
sem_lock                                          obj/Debug/kernel/syscall.o
sem_try_lock                                      obj/Debug/kernel/syscall.o
sem_unlock                                        obj/Debug/kernel/syscall.o
sem_unlock_isr                                    obj/Debug/kernel/sem.o
                                                  obj/Debug/kernel/syscall.o
sig_broadcast                                     obj/Debug/kernel/syscall.o
sig_broadcast_isr                                 obj/Debug/kernel/sig.o
                                                  obj/Debug/kernel/syscall.o
sig_init                                          obj/Debug/kernel/syscall.o
sig_init_isr                                      obj/Debug/kernel/sig.o
                                                  obj/Debug/kernel/syscall.o
sig_signal                                        obj/Debug/kernel/syscall.o
sig_signal_isr                                    obj/Debug/kernel/sig.o
                                                  obj/Debug/kernel/syscall.o
sig_wait                                          obj/Debug/kernel/syscall.o
stack                                             obj/Debug/main.o
start_bugurt                                      obj/Debug/arch/avr-gcc/bugurt_kernel.o
                                                  obj/Debug/main.o
start_scheduler                                   obj/Debug/main.o
                                                  obj/Debug/arch/avr-gcc/bugurt_kernel.o
stop_scheduler                                    obj/Debug/main.o
syscall_arg                                       obj/Debug/kernel/syscall.o
                                                  obj/Debug/arch/avr-gcc/bugurt_kernel.o
syscall_bugurt                                    obj/Debug/arch/avr-gcc/bugurt_kernel.o
                                                  obj/Debug/kernel/syscall.o
syscall_num                                       obj/Debug/kernel/syscall.o
                                                  obj/Debug/arch/avr-gcc/bugurt_kernel.o
syscall_routine                                   obj/Debug/kernel/syscall.o
test2                                             obj/Debug/main.o
test3                                             obj/Debug/main.o
wait_time                                         obj/Debug/kernel/timer.o
                                                  obj/Debug/main.o
xlist_head                                        obj/Debug/kernel/xlist.o
                                                  obj/Debug/kernel/sig.o
                                                  obj/Debug/kernel/sem.o
                                                  obj/Debug/kernel/sched.o
                                                  obj/Debug/kernel/mutex.o
xlist_init                                        obj/Debug/kernel/xlist.o
                                                  obj/Debug/kernel/sig.o
                                                  obj/Debug/kernel/sem.o
                                                  obj/Debug/kernel/sched.o
                                                  obj/Debug/kernel/mutex.o
xlist_switch                                      obj/Debug/kernel/xlist.o
                                                  obj/Debug/kernel/sched.o
                                                  obj/Debug/kernel/gitem.o
