Archive member included because of file (symbol)

/usr/lib/gcc/avr/4.3.4/avr5/libgcc.a(_exit.o)
                              /usr/lib/gcc/avr/4.3.4/../../../avr/lib/avr5/crtm328p.o (exit)
/usr/lib/gcc/avr/4.3.4/avr5/libgcc.a(_copy_data.o)
                              obj/Debug/arch/avr/gcc-vsmp/bugurt_kernel.o (__do_copy_data)
/usr/lib/gcc/avr/4.3.4/avr5/libgcc.a(_clear_bss.o)
                              obj/Debug/arch/avr/gcc-vsmp/bugurt_kernel.o (__do_clear_bss)

Allocating common symbols
Common symbol       size              file

saved_vm_sp         0x4               obj/Debug/arch/avr/gcc-vsmp/bugurt_kernel.o
j                   0x2               obj/Debug/main.o
is_idle             0x2               obj/Debug/arch/avr/gcc-vsmp/bugurt_kernel.o
syscall_vectors     0xc               obj/Debug/arch/avr/gcc-vsmp/bugurt_kernel.o
current_vm          0x1               obj/Debug/arch/avr/gcc-vsmp/bugurt_kernel.o
vm_state            0x12              obj/Debug/arch/avr/gcc-vsmp/bugurt_kernel.o
syscall_arg         0x4               obj/Debug/arch/avr/gcc-vsmp/bugurt_kernel.o
i                   0x1               obj/Debug/main.o
syscall_num         0x2               obj/Debug/arch/avr/gcc-vsmp/bugurt_kernel.o
resched_vectors     0xc               obj/Debug/arch/avr/gcc-vsmp/bugurt_kernel.o
systimer_vectors    0xc               obj/Debug/arch/avr/gcc-vsmp/bugurt_kernel.o
kernel              0xbe              obj/Debug/kernel/kernel.o
vm_buf              0x2               obj/Debug/arch/avr/gcc-vsmp/bugurt_kernel.o
vm_stack            0x80              obj/Debug/arch/avr/gcc-vsmp/bugurt_kernel.o
vm_int_stack        0x100             obj/Debug/arch/avr/gcc-vsmp/bugurt_kernel.o
vsmp_systimer_hook  0x2               obj/Debug/arch/avr/gcc-vsmp/bugurt_kernel.o

Discarded input sections

 .data          0x00000000        0x0 /usr/lib/gcc/avr/4.3.4/../../../avr/lib/avr5/crtm328p.o
 .bss           0x00000000        0x0 /usr/lib/gcc/avr/4.3.4/../../../avr/lib/avr5/crtm328p.o
 .text          0x00000000        0x0 obj/Debug/arch/avr/gcc-vsmp/bugurt_kernel.o
 .data          0x00000000        0x0 obj/Debug/arch/avr/gcc-vsmp/bugurt_kernel.o
 .text          0x00000000        0x0 obj/Debug/arch/avr/gcc-vsmp/vsmp.o
 .data          0x00000000        0x0 obj/Debug/arch/avr/gcc-vsmp/vsmp.o
 .bss           0x00000000        0x0 obj/Debug/arch/avr/gcc-vsmp/vsmp.o
 .data          0x00000000        0x0 obj/Debug/arch/avr/gcc/bugurt_kernel_asm.o
 .bss           0x00000000        0x0 obj/Debug/arch/avr/gcc/bugurt_kernel_asm.o
 .text          0x00000000        0x0 obj/Debug/arch/avr/gcc/bugurt_proc_stack_init.o
 .data          0x00000000        0x0 obj/Debug/arch/avr/gcc/bugurt_proc_stack_init.o
 .bss           0x00000000        0x0 obj/Debug/arch/avr/gcc/bugurt_proc_stack_init.o
 .text          0x00000000        0x0 obj/Debug/kernel/crit_sec.o
 .data          0x00000000        0x0 obj/Debug/kernel/crit_sec.o
 .bss           0x00000000        0x0 obj/Debug/kernel/crit_sec.o
 .text._enter_crit_sec
                0x00000000       0x66 obj/Debug/kernel/crit_sec.o
 .text._exit_crit_sec
                0x00000000       0xb0 obj/Debug/kernel/crit_sec.o
 .text          0x00000000        0x0 obj/Debug/kernel/index.o
 .data          0x00000000        0x0 obj/Debug/kernel/index.o
 .bss           0x00000000        0x0 obj/Debug/kernel/index.o
 .text          0x00000000        0x0 obj/Debug/kernel/ipc.o
 .data          0x00000000        0x0 obj/Debug/kernel/ipc.o
 .bss           0x00000000        0x0 obj/Debug/kernel/ipc.o
 .text          0x00000000        0x0 obj/Debug/kernel/item.o
 .data          0x00000000        0x0 obj/Debug/kernel/item.o
 .bss           0x00000000        0x0 obj/Debug/kernel/item.o
 .text          0x00000000        0x0 obj/Debug/kernel/kernel.o
 .data          0x00000000        0x0 obj/Debug/kernel/kernel.o
 .bss           0x00000000        0x0 obj/Debug/kernel/kernel.o
 .text          0x00000000        0x0 obj/Debug/kernel/mutex.o
 .data          0x00000000        0x0 obj/Debug/kernel/mutex.o
 .bss           0x00000000        0x0 obj/Debug/kernel/mutex.o
 .text          0x00000000        0x0 obj/Debug/kernel/pcounter.o
 .data          0x00000000        0x0 obj/Debug/kernel/pcounter.o
 .bss           0x00000000        0x0 obj/Debug/kernel/pcounter.o
 .text.pcounter_plus
                0x00000000       0x88 obj/Debug/kernel/pcounter.o
 .text.pcounter_minus
                0x00000000       0xd6 obj/Debug/kernel/pcounter.o
 .text          0x00000000        0x0 obj/Debug/kernel/pitem.o
 .data          0x00000000        0x0 obj/Debug/kernel/pitem.o
 .bss           0x00000000        0x0 obj/Debug/kernel/pitem.o
 .text          0x00000000        0x0 obj/Debug/kernel/proc.o
 .data          0x00000000        0x0 obj/Debug/kernel/proc.o
 .bss           0x00000000        0x0 obj/Debug/kernel/proc.o
 .text._proc_lazy_load_balancer
                0x00000000      0x17a obj/Debug/kernel/proc.o
 .text.proc_lazy_global_load_balancer
                0x00000000       0x3a obj/Debug/kernel/proc.o
 .text.proc_lazy_local_load_balancer
                0x00000000       0x16 obj/Debug/kernel/proc.o
 .text          0x00000000        0x0 obj/Debug/kernel/sched.o
 .data          0x00000000        0x0 obj/Debug/kernel/sched.o
 .bss           0x00000000        0x0 obj/Debug/kernel/sched.o
 .text          0x00000000        0x0 obj/Debug/kernel/sem.o
 .data          0x00000000        0x0 obj/Debug/kernel/sem.o
 .bss           0x00000000        0x0 obj/Debug/kernel/sem.o
 .text          0x00000000        0x0 obj/Debug/kernel/sig.o
 .data          0x00000000        0x0 obj/Debug/kernel/sig.o
 .bss           0x00000000        0x0 obj/Debug/kernel/sig.o
 .text          0x00000000        0x0 obj/Debug/kernel/syscall.o
 .data          0x00000000        0x0 obj/Debug/kernel/syscall.o
 .bss           0x00000000        0x0 obj/Debug/kernel/syscall.o
 .text.proc_init
                0x00000000       0xb8 obj/Debug/kernel/syscall.o
 .text.proc_run
                0x00000000       0x3a obj/Debug/kernel/syscall.o
 .text.proc_restart
                0x00000000       0x3a obj/Debug/kernel/syscall.o
 .text.proc_stop
                0x00000000       0x3a obj/Debug/kernel/syscall.o
 .text.proc_self_stop
                0x00000000       0x18 obj/Debug/kernel/syscall.o
 .text.proc_flag_stop
                0x00000000       0x34 obj/Debug/kernel/syscall.o
 .text.proc_reset_watchdog
                0x00000000       0x18 obj/Debug/kernel/syscall.o
 .text.sig_init
                0x00000000       0x24 obj/Debug/kernel/syscall.o
 .text.sig_wait
                0x00000000       0x2e obj/Debug/kernel/syscall.o
 .text.sig_signal
                0x00000000       0x24 obj/Debug/kernel/syscall.o
 .text.sig_broadcast
                0x00000000       0x24 obj/Debug/kernel/syscall.o
 .text.sem_init
                0x00000000       0x4c obj/Debug/kernel/syscall.o
 .text.sem_lock
                0x00000000       0x3a obj/Debug/kernel/syscall.o
 .text.sem_try_lock
                0x00000000       0x3a obj/Debug/kernel/syscall.o
 .text.sem_unlock
                0x00000000       0x24 obj/Debug/kernel/syscall.o
 .text.mutex_init
                0x00000000       0x40 obj/Debug/kernel/syscall.o
 .text.mutex_lock
                0x00000000       0x3a obj/Debug/kernel/syscall.o
 .text.mutex_try_lock
                0x00000000       0x3a obj/Debug/kernel/syscall.o
 .text.mutex_unlock
                0x00000000       0x24 obj/Debug/kernel/syscall.o
 .text.ipc_wait
                0x00000000       0x2a obj/Debug/kernel/syscall.o
 .text.ipc_send
                0x00000000       0x4e obj/Debug/kernel/syscall.o
 .text.ipc_exchange
                0x00000000       0x5a obj/Debug/kernel/syscall.o
 .text          0x00000000        0x0 obj/Debug/kernel/timer.o
 .data          0x00000000        0x0 obj/Debug/kernel/timer.o
 .bss           0x00000000        0x0 obj/Debug/kernel/timer.o
 .text._clear_timer
                0x00000000       0x48 obj/Debug/kernel/timer.o
 .text._timer   0x00000000       0x5a obj/Debug/kernel/timer.o
 .text.wait_time
                0x00000000       0x50 obj/Debug/kernel/timer.o
 .text          0x00000000        0x0 obj/Debug/kernel/xlist.o
 .data          0x00000000        0x0 obj/Debug/kernel/xlist.o
 .bss           0x00000000        0x0 obj/Debug/kernel/xlist.o
 .text          0x00000000        0x0 obj/Debug/main.o
 .bss           0x00000000        0x0 obj/Debug/main.o
 .text          0x00000000        0x0 /usr/lib/gcc/avr/4.3.4/avr5/libgcc.a(_exit.o)
 .data          0x00000000        0x0 /usr/lib/gcc/avr/4.3.4/avr5/libgcc.a(_exit.o)
 .bss           0x00000000        0x0 /usr/lib/gcc/avr/4.3.4/avr5/libgcc.a(_exit.o)
 .text.libgcc   0x00000000        0x0 /usr/lib/gcc/avr/4.3.4/avr5/libgcc.a(_exit.o)
 .text          0x00000000        0x0 /usr/lib/gcc/avr/4.3.4/avr5/libgcc.a(_copy_data.o)
 .data          0x00000000        0x0 /usr/lib/gcc/avr/4.3.4/avr5/libgcc.a(_copy_data.o)
 .bss           0x00000000        0x0 /usr/lib/gcc/avr/4.3.4/avr5/libgcc.a(_copy_data.o)
 .text.libgcc   0x00000000        0x0 /usr/lib/gcc/avr/4.3.4/avr5/libgcc.a(_copy_data.o)
 .text          0x00000000        0x0 /usr/lib/gcc/avr/4.3.4/avr5/libgcc.a(_clear_bss.o)
 .data          0x00000000        0x0 /usr/lib/gcc/avr/4.3.4/avr5/libgcc.a(_clear_bss.o)
 .bss           0x00000000        0x0 /usr/lib/gcc/avr/4.3.4/avr5/libgcc.a(_clear_bss.o)
 .text.libgcc   0x00000000        0x0 /usr/lib/gcc/avr/4.3.4/avr5/libgcc.a(_clear_bss.o)

Memory Configuration

Name             Origin             Length             Attributes
text             0x00000000         0x00020000         xr
data             0x00800060         0x0000ffa0         rw !x
eeprom           0x00810000         0x00010000         rw !x
fuse             0x00820000         0x00000400         rw !x
lock             0x00830000         0x00000400         rw !x
signature        0x00840000         0x00000400         rw !x
*default*        0x00000000         0xffffffff

Linker script and memory map

Address of section .data set to 0x800100
LOAD /usr/lib/gcc/avr/4.3.4/../../../avr/lib/avr5/crtm328p.o
LOAD obj/Debug/arch/avr/gcc-vsmp/bugurt_kernel.o
LOAD obj/Debug/arch/avr/gcc-vsmp/vsmp.o
LOAD obj/Debug/arch/avr/gcc/bugurt_kernel_asm.o
LOAD obj/Debug/arch/avr/gcc/bugurt_proc_stack_init.o
LOAD obj/Debug/kernel/crit_sec.o
LOAD obj/Debug/kernel/index.o
LOAD obj/Debug/kernel/ipc.o
LOAD obj/Debug/kernel/item.o
LOAD obj/Debug/kernel/kernel.o
LOAD obj/Debug/kernel/mutex.o
LOAD obj/Debug/kernel/pcounter.o
LOAD obj/Debug/kernel/pitem.o
LOAD obj/Debug/kernel/proc.o
LOAD obj/Debug/kernel/sched.o
LOAD obj/Debug/kernel/sem.o
LOAD obj/Debug/kernel/sig.o
LOAD obj/Debug/kernel/syscall.o
LOAD obj/Debug/kernel/timer.o
LOAD obj/Debug/kernel/xlist.o
LOAD obj/Debug/main.o
LOAD /usr/lib/gcc/avr/4.3.4/avr5/libgcc.a
LOAD /usr/lib/gcc/avr/4.3.4/../../../avr/lib/avr5/libm.a
LOAD /usr/lib/gcc/avr/4.3.4/avr5/libgcc.a
LOAD /usr/lib/gcc/avr/4.3.4/../../../avr/lib/avr5/libc.a
LOAD /usr/lib/gcc/avr/4.3.4/avr5/libgcc.a

.hash
 *(.hash)

.dynsym
 *(.dynsym)

.dynstr
 *(.dynstr)

.gnu.version
 *(.gnu.version)

.gnu.version_d
 *(.gnu.version_d)

.gnu.version_r
 *(.gnu.version_r)

.rel.init
 *(.rel.init)

.rela.init
 *(.rela.init)

.rel.text
 *(.rel.text)
 *(.rel.text.*)
 *(.rel.gnu.linkonce.t*)

.rela.text
 *(.rela.text)
 *(.rela.text.*)
 *(.rela.gnu.linkonce.t*)

.rel.fini
 *(.rel.fini)

.rela.fini
 *(.rela.fini)

.rel.rodata
 *(.rel.rodata)
 *(.rel.rodata.*)
 *(.rel.gnu.linkonce.r*)

.rela.rodata
 *(.rela.rodata)
 *(.rela.rodata.*)
 *(.rela.gnu.linkonce.r*)

.rel.data
 *(.rel.data)
 *(.rel.data.*)
 *(.rel.gnu.linkonce.d*)

.rela.data
 *(.rela.data)
 *(.rela.data.*)
 *(.rela.gnu.linkonce.d*)

.rel.ctors
 *(.rel.ctors)

.rela.ctors
 *(.rela.ctors)

.rel.dtors
 *(.rel.dtors)

.rela.dtors
 *(.rela.dtors)

.rel.got
 *(.rel.got)

.rela.got
 *(.rela.got)

.rel.bss
 *(.rel.bss)

.rela.bss
 *(.rela.bss)

.rel.plt
 *(.rel.plt)

.rela.plt
 *(.rela.plt)

.text           0x00000000     0x3ffe
 *(.vectors)
 .vectors       0x00000000       0x68 /usr/lib/gcc/avr/4.3.4/../../../avr/lib/avr5/crtm328p.o
                0x00000000                __vectors
                0x00000000                __vector_default
 *(.vectors)
 *(.progmem.gcc*)
 *(.progmem*)
 .progmem.data  0x00000068       0x30 obj/Debug/kernel/syscall.o
                0x00000068                syscall_routine
                0x00000098                . = ALIGN (0x2)
                0x00000098                __trampolines_start = .
 *(.trampolines)
 .trampolines   0x00000098        0x0 linker stubs
 *(.trampolines*)
                0x00000098                __trampolines_end = .
 *(.jumptables)
 *(.jumptables*)
 *(.lowtext)
 *(.lowtext*)
                0x00000098                __ctors_start = .
 *(.ctors)
                0x00000098                __ctors_end = .
                0x00000098                __dtors_start = .
 *(.dtors)
                0x00000098                __dtors_end = .
 SORT(*)(.ctors)
 SORT(*)(.dtors)
 *(.init0)
 .init0         0x00000098        0x0 /usr/lib/gcc/avr/4.3.4/../../../avr/lib/avr5/crtm328p.o
                0x00000098                __init
 *(.init0)
 *(.init1)
 *(.init1)
 *(.init2)
 .init2         0x00000098        0xc /usr/lib/gcc/avr/4.3.4/../../../avr/lib/avr5/crtm328p.o
 *(.init2)
 *(.init3)
 *(.init3)
 *(.init4)
 .init4         0x000000a4       0x16 /usr/lib/gcc/avr/4.3.4/avr5/libgcc.a(_copy_data.o)
                0x000000a4                __do_copy_data
 .init4         0x000000ba       0x10 /usr/lib/gcc/avr/4.3.4/avr5/libgcc.a(_clear_bss.o)
                0x000000ba                __do_clear_bss
 *(.init4)
 *(.init5)
 *(.init5)
 *(.init6)
 *(.init6)
 *(.init7)
 *(.init7)
 *(.init8)
 *(.init8)
 *(.init9)
 .init9         0x000000ca        0x8 /usr/lib/gcc/avr/4.3.4/../../../avr/lib/avr5/crtm328p.o
 *(.init9)
 *(.text)
 .text          0x000000d2        0x4 /usr/lib/gcc/avr/4.3.4/../../../avr/lib/avr5/crtm328p.o
                0x000000d2                __vector_22
                0x000000d2                __vector_1
                0x000000d2                __vector_24
                0x000000d2                __vector_12
                0x000000d2                __bad_interrupt
                0x000000d2                __vector_6
                0x000000d2                __vector_3
                0x000000d2                __vector_23
                0x000000d2                __vector_25
                0x000000d2                __vector_11
                0x000000d2                __vector_13
                0x000000d2                __vector_17
                0x000000d2                __vector_19
                0x000000d2                __vector_5
                0x000000d2                __vector_4
                0x000000d2                __vector_9
                0x000000d2                __vector_2
                0x000000d2                __vector_21
                0x000000d2                __vector_15
                0x000000d2                __vector_8
                0x000000d2                __vector_14
                0x000000d2                __vector_10
                0x000000d2                __vector_16
                0x000000d2                __vector_18
                0x000000d2                __vector_20
 .text          0x000000d6       0xdc obj/Debug/arch/avr/gcc/bugurt_kernel_asm.o
                0x000000d6                bugurt_save_context
                0x0000012e                bugurt_pop_context
                0x00000134                bugurt_restore_context
                0x0000018a                bugurt_set_stack_pointer
                0x0000019a                bugurt_push_pointer
                0x000001aa                bugurt_reverse_byte_order
                0x000001b2                . = ALIGN (0x2)
 *(.text.*)
 .text.current_proc
                0x000001b2       0x46 obj/Debug/arch/avr/gcc-vsmp/bugurt_kernel.o
                0x000001b2                current_proc
 .text.current_core
                0x000001f8       0x1e obj/Debug/arch/avr/gcc-vsmp/bugurt_kernel.o
                0x000001f8                current_core
 .text.spin_init
                0x00000216       0x22 obj/Debug/arch/avr/gcc-vsmp/bugurt_kernel.o
                0x00000216                spin_init
 .text.spin_lock
                0x00000238       0x32 obj/Debug/arch/avr/gcc-vsmp/bugurt_kernel.o
                0x00000238                spin_lock
 .text.spin_unlock
                0x0000026a       0x28 obj/Debug/arch/avr/gcc-vsmp/bugurt_kernel.o
                0x0000026a                spin_unlock
 .text.stat_init
                0x00000292       0x1e obj/Debug/arch/avr/gcc-vsmp/bugurt_kernel.o
                0x00000292                stat_init
 .text.stat_dec
                0x000002b0       0x2c obj/Debug/arch/avr/gcc-vsmp/bugurt_kernel.o
                0x000002b0                stat_dec
 .text.stat_inc
                0x000002dc       0x2c obj/Debug/arch/avr/gcc-vsmp/bugurt_kernel.o
                0x000002dc                stat_inc
 .text.stat_merge
                0x00000308       0x3c obj/Debug/arch/avr/gcc-vsmp/bugurt_kernel.o
                0x00000308                stat_merge
 .text.stat_calc_load
                0x00000344       0x24 obj/Debug/arch/avr/gcc-vsmp/bugurt_kernel.o
                0x00000344                stat_calc_load
 .text.resched  0x00000368       0x36 obj/Debug/arch/avr/gcc-vsmp/bugurt_kernel.o
                0x00000368                resched
 .text.resched_isr
                0x0000039e      0x114 obj/Debug/arch/avr/gcc-vsmp/bugurt_kernel.o
                0x0000039e                resched_isr
 .text.resched_vectors_init
                0x000004b2       0x44 obj/Debug/arch/avr/gcc-vsmp/bugurt_kernel.o
                0x000004b2                resched_vectors_init
 .text._systimer_tick_isr
                0x000004f6       0x4a obj/Debug/arch/avr/gcc-vsmp/bugurt_kernel.o
                0x000004f6                _systimer_tick_isr
 .text.systimer_tick_isr
                0x00000540      0x114 obj/Debug/arch/avr/gcc-vsmp/bugurt_kernel.o
                0x00000540                systimer_tick_isr
 .text.systimer_sched_isr
                0x00000654      0x114 obj/Debug/arch/avr/gcc-vsmp/bugurt_kernel.o
                0x00000654                systimer_sched_isr
 .text.systimer_vectors_init
                0x00000768       0x54 obj/Debug/arch/avr/gcc-vsmp/bugurt_kernel.o
                0x00000768                systimer_vectors_init
 .text.systimer_vectors_fire
                0x000007bc       0x44 obj/Debug/arch/avr/gcc-vsmp/bugurt_kernel.o
                0x000007bc                systimer_vectors_fire
 .text.vsmp_systimer_hook_bugurt
                0x00000800       0x42 obj/Debug/arch/avr/gcc-vsmp/bugurt_kernel.o
                0x00000800                vsmp_systimer_hook_bugurt
 .text._syscall_isr
                0x00000842       0x42 obj/Debug/arch/avr/gcc-vsmp/bugurt_kernel.o
                0x00000842                _syscall_isr
 .text.syscall_isr
                0x00000884      0x114 obj/Debug/arch/avr/gcc-vsmp/bugurt_kernel.o
                0x00000884                syscall_isr
 .text.syscall_vectors_init
                0x00000998       0x66 obj/Debug/arch/avr/gcc-vsmp/bugurt_kernel.o
                0x00000998                syscall_vectors_init
 .text.syscall_bugurt
                0x000009fe      0x12a obj/Debug/arch/avr/gcc-vsmp/bugurt_kernel.o
                0x000009fe                syscall_bugurt
 .text.init_bugurt
                0x00000b28       0x8a obj/Debug/arch/avr/gcc-vsmp/bugurt_kernel.o
                0x00000b28                init_bugurt
 .text.start_bugurt
                0x00000bb2       0x50 obj/Debug/arch/avr/gcc-vsmp/bugurt_kernel.o
                0x00000bb2                start_bugurt
 .text.vsmp_vm_init
                0x00000c02       0x5c obj/Debug/arch/avr/gcc-vsmp/vsmp.o
                0x00000c02                vsmp_vm_init
 .text.vsmp_init
                0x00000c5e      0x10e obj/Debug/arch/avr/gcc-vsmp/vsmp.o
                0x00000c5e                vsmp_init
 .text.vsmp_run
                0x00000d6c       0x10 obj/Debug/arch/avr/gcc-vsmp/vsmp.o
                0x00000d6c                vsmp_run
 .text.vsmp_idle_main
                0x00000d7c       0x10 obj/Debug/arch/avr/gcc-vsmp/vsmp.o
                0x00000d7c                vsmp_idle_main
 .text.vsmp_do_interrupt
                0x00000d8c      0x130 obj/Debug/arch/avr/gcc-vsmp/vsmp.o
                0x00000d8c                vsmp_do_interrupt
 .text._vinterrupt_wrapper
                0x00000ebc       0x4a obj/Debug/arch/avr/gcc-vsmp/vsmp.o
 .text.vinterrupt_wrapper
                0x00000f06      0x12c obj/Debug/arch/avr/gcc-vsmp/vsmp.o
                0x00000f06                vinterrupt_wrapper
 .text.__vector_7
                0x00001032      0x232 obj/Debug/arch/avr/gcc-vsmp/vsmp.o
                0x00001032                __vector_7
 .text._vsmp_vinterrupt
                0x00001264      0x206 obj/Debug/arch/avr/gcc-vsmp/vsmp.o
                0x00001264                _vsmp_vinterrupt
 .text.vsmp_vinterrupt_isr
                0x0000146a       0x9a obj/Debug/arch/avr/gcc-vsmp/vsmp.o
                0x0000146a                vsmp_vinterrupt_isr
 .text.vsmp_vinterrupt
                0x00001504       0x30 obj/Debug/arch/avr/gcc-vsmp/vsmp.o
                0x00001504                vsmp_vinterrupt
 .text.vsmp_vinterrupt_init
                0x00001534       0x36 obj/Debug/arch/avr/gcc-vsmp/vsmp.o
                0x00001534                vsmp_vinterrupt_init
 .text.disable_interrupts
                0x0000156a       0x34 obj/Debug/arch/avr/gcc-vsmp/vsmp.o
                0x0000156a                disable_interrupts
 .text.enable_interrupts
                0x0000159e       0x64 obj/Debug/arch/avr/gcc-vsmp/vsmp.o
                0x0000159e                enable_interrupts
 .text.proc_stack_init
                0x00001602      0x2d8 obj/Debug/arch/avr/gcc/bugurt_proc_stack_init.o
                0x00001602                proc_stack_init
 .text.index_search
                0x000018da       0x7e obj/Debug/kernel/index.o
                0x000018da                index_search
 .text._ipc_wait
                0x00001958       0x6a obj/Debug/kernel/ipc.o
                0x00001958                _ipc_wait
 .text.ipc_send_isr
                0x000019c2       0xb2 obj/Debug/kernel/ipc.o
                0x000019c2                ipc_send_isr
 .text._ipc_exchange
                0x00001a74       0xc6 obj/Debug/kernel/ipc.o
                0x00001a74                _ipc_exchange
 .text.item_init
                0x00001b3a       0x30 obj/Debug/kernel/item.o
                0x00001b3a                item_init
 .text.item_insert
                0x00001b6a       0x64 obj/Debug/kernel/item.o
                0x00001b6a                item_insert
 .text.item_cut
                0x00001bce       0x6c obj/Debug/kernel/item.o
                0x00001bce                item_cut
 .text.idle_main
                0x00001c3a       0x10 obj/Debug/kernel/kernel.o
                0x00001c3a                idle_main
 .text.kernel_init
                0x00001c4a      0x142 obj/Debug/kernel/kernel.o
                0x00001c4a                kernel_init
 .text.mutex_init_isr
                0x00001d8c       0x54 obj/Debug/kernel/mutex.o
                0x00001d8c                mutex_init_isr
 .text._mutex_lock
                0x00001de0       0xaa obj/Debug/kernel/mutex.o
                0x00001de0                _mutex_lock
 .text._mutex_try_lock
                0x00001e8a       0x80 obj/Debug/kernel/mutex.o
                0x00001e8a                _mutex_try_lock
 .text._mutex_unlock
                0x00001f0a      0x112 obj/Debug/kernel/mutex.o
                0x00001f0a                _mutex_unlock
 .text.pcounter_init
                0x0000201c       0x4a obj/Debug/kernel/pcounter.o
                0x0000201c                pcounter_init
 .text.pcounter_inc
                0x00002066       0x78 obj/Debug/kernel/pcounter.o
                0x00002066                pcounter_inc
 .text.pcounter_dec
                0x000020de       0xa4 obj/Debug/kernel/pcounter.o
                0x000020de                pcounter_dec
 .text.pitem_init
                0x00002182       0x36 obj/Debug/kernel/pitem.o
                0x00002182                pitem_init
 .text.pitem_insert
                0x000021b8       0xac obj/Debug/kernel/pitem.o
                0x000021b8                pitem_insert
 .text.pitem_fast_cut
                0x00002264       0xbe obj/Debug/kernel/pitem.o
                0x00002264                pitem_fast_cut
 .text.pitem_cut
                0x00002322       0x28 obj/Debug/kernel/pitem.o
                0x00002322                pitem_cut
 .text.pitem_xlist_chain
                0x0000234a      0x132 obj/Debug/kernel/pitem.o
                0x0000234a                pitem_xlist_chain
 .text.proc_init_isr
                0x0000247c      0x146 obj/Debug/kernel/proc.o
                0x0000247c                proc_init_isr
 .text._proc_run_
                0x000025c2       0x6a obj/Debug/kernel/proc.o
                0x000025c2                _proc_run_
 .text._proc_run
                0x0000262c       0x7a obj/Debug/kernel/proc.o
                0x0000262c                _proc_run
 .text.proc_run_isr
                0x000026a6       0x52 obj/Debug/kernel/proc.o
                0x000026a6                proc_run_isr
 .text.proc_restart_isr
                0x000026f8       0xc6 obj/Debug/kernel/proc.o
                0x000026f8                proc_restart_isr
 .text._proc_stop_
                0x000027be       0x88 obj/Debug/kernel/proc.o
                0x000027be                _proc_stop_
 .text._proc_stop
                0x00002846       0x3c obj/Debug/kernel/proc.o
                0x00002846                _proc_stop
 .text.proc_stop_isr
                0x00002882       0x74 obj/Debug/kernel/proc.o
                0x00002882                proc_stop_isr
 .text._proc_flag_stop
                0x000028f6       0x90 obj/Debug/kernel/proc.o
                0x000028f6                _proc_flag_stop
 .text._proc_terminate
                0x00002986       0x86 obj/Debug/kernel/proc.o
                0x00002986                _proc_terminate
 .text._proc_reset_watchdog
                0x00002a0c       0x50 obj/Debug/kernel/proc.o
                0x00002a0c                _proc_reset_watchdog
 .text._proc_lres_inc
                0x00002a5c       0x46 obj/Debug/kernel/proc.o
                0x00002a5c                _proc_lres_inc
 .text._proc_lres_dec
                0x00002aa2       0x46 obj/Debug/kernel/proc.o
                0x00002aa2                _proc_lres_dec
 .text._proc_prio_control_stoped
                0x00002ae8       0x7a obj/Debug/kernel/proc.o
                0x00002ae8                _proc_prio_control_stoped
 .text._proc_prio_control_running
                0x00002b62       0xb8 obj/Debug/kernel/proc.o
                0x00002b62                _proc_prio_control_running
 .text.sched_load_balancer
                0x00002c1a       0xe4 obj/Debug/kernel/sched.o
                0x00002c1a                sched_load_balancer
 .text.sched_highest_load_core
                0x00002cfe       0x70 obj/Debug/kernel/sched.o
                0x00002cfe                sched_highest_load_core
 .text.sched_init
                0x00002d6e       0xbe obj/Debug/kernel/sched.o
                0x00002d6e                sched_init
 .text._sched_switch_current
                0x00002e2c       0x98 obj/Debug/kernel/sched.o
 .text.sched_schedule
                0x00002ec4      0x20a obj/Debug/kernel/sched.o
                0x00002ec4                sched_schedule
 .text.sched_reschedule
                0x000030ce       0xc2 obj/Debug/kernel/sched.o
                0x000030ce                sched_reschedule
 .text.sem_init_isr
                0x00003190       0x54 obj/Debug/kernel/sem.o
                0x00003190                sem_init_isr
 .text._sem_lock
                0x000031e4       0xc8 obj/Debug/kernel/sem.o
                0x000031e4                _sem_lock
 .text._sem_try_lock
                0x000032ac       0x8a obj/Debug/kernel/sem.o
                0x000032ac                _sem_try_lock
 .text.sem_unlock_isr
                0x00003336       0x92 obj/Debug/kernel/sem.o
                0x00003336                sem_unlock_isr
 .text.sig_init_isr
                0x000033c8       0x86 obj/Debug/kernel/sig.o
                0x000033c8                sig_init_isr
 .text._sig_wait_prologue
                0x0000344e       0xe0 obj/Debug/kernel/sig.o
                0x0000344e                _sig_wait_prologue
 .text._sig_wakeup_list_proc
                0x0000352e       0x4c obj/Debug/kernel/sig.o
 .text._sig_wait_epilogue
                0x0000357a       0x68 obj/Debug/kernel/sig.o
                0x0000357a                _sig_wait_epilogue
 .text.sig_signal_isr
                0x000035e2      0x13e obj/Debug/kernel/sig.o
                0x000035e2                sig_signal_isr
 .text.sig_broadcast_isr
                0x00003720       0xc0 obj/Debug/kernel/sig.o
                0x00003720                sig_broadcast_isr
 .text.do_syscall
                0x000037e0       0x6a obj/Debug/kernel/syscall.o
                0x000037e0                do_syscall
 .text.scall_proc_init
                0x0000384a       0xa4 obj/Debug/kernel/syscall.o
                0x0000384a                scall_proc_init
 .text.scall_proc_run
                0x000038ee       0x34 obj/Debug/kernel/syscall.o
                0x000038ee                scall_proc_run
 .text.scall_proc_restart
                0x00003922       0x34 obj/Debug/kernel/syscall.o
                0x00003922                scall_proc_restart
 .text.scall_proc_stop
                0x00003956       0x34 obj/Debug/kernel/syscall.o
                0x00003956                scall_proc_stop
 .text.scall_proc_self_stop
                0x0000398a       0x42 obj/Debug/kernel/syscall.o
                0x0000398a                scall_proc_self_stop
 .text.scall_proc_terminate
                0x000039cc       0x20 obj/Debug/kernel/syscall.o
                0x000039cc                scall_proc_terminate
 .text.proc_run_wrapper
                0x000039ec       0x6e obj/Debug/kernel/syscall.o
                0x000039ec                proc_run_wrapper
 .text.scall_proc_flag_stop
                0x00003a5a       0x24 obj/Debug/kernel/syscall.o
                0x00003a5a                scall_proc_flag_stop
 .text.scall_proc_reset_watchdog
                0x00003a7e       0x1c obj/Debug/kernel/syscall.o
                0x00003a7e                scall_proc_reset_watchdog
 .text.scall_sig_init
                0x00003a9a       0x20 obj/Debug/kernel/syscall.o
                0x00003a9a                scall_sig_init
 .text.scall_sig_wait
                0x00003aba       0x20 obj/Debug/kernel/syscall.o
                0x00003aba                scall_sig_wait
 .text.scall_sig_wakeup
                0x00003ada       0x24 obj/Debug/kernel/syscall.o
                0x00003ada                scall_sig_wakeup
 .text.scall_sig_signal
                0x00003afe       0x20 obj/Debug/kernel/syscall.o
                0x00003afe                scall_sig_signal
 .text.scall_sig_broadcast
                0x00003b1e       0x20 obj/Debug/kernel/syscall.o
                0x00003b1e                scall_sig_broadcast
 .text.scall_sem_init
                0x00003b3e       0x2e obj/Debug/kernel/syscall.o
                0x00003b3e                scall_sem_init
 .text.scall_sem_lock
                0x00003b6c       0x34 obj/Debug/kernel/syscall.o
                0x00003b6c                scall_sem_lock
 .text.scall_sem_try_lock
                0x00003ba0       0x34 obj/Debug/kernel/syscall.o
                0x00003ba0                scall_sem_try_lock
 .text.scall_sem_unlock
                0x00003bd4       0x20 obj/Debug/kernel/syscall.o
                0x00003bd4                scall_sem_unlock
 .text.scall_mutex_init
                0x00003bf4       0x2c obj/Debug/kernel/syscall.o
                0x00003bf4                scall_mutex_init
 .text.scall_mutex_lock
                0x00003c20       0x34 obj/Debug/kernel/syscall.o
                0x00003c20                scall_mutex_lock
 .text.scall_mutex_try_lock
                0x00003c54       0x34 obj/Debug/kernel/syscall.o
                0x00003c54                scall_mutex_try_lock
 .text.scall_mutex_unlock
                0x00003c88       0x20 obj/Debug/kernel/syscall.o
                0x00003c88                scall_mutex_unlock
 .text.scall_ipc_wait
                0x00003ca8       0x20 obj/Debug/kernel/syscall.o
                0x00003ca8                scall_ipc_wait
 .text.scall_ipc_send
                0x00003cc8       0x3e obj/Debug/kernel/syscall.o
                0x00003cc8                scall_ipc_send
 .text.scall_ipc_exchange
                0x00003d06       0x48 obj/Debug/kernel/syscall.o
                0x00003d06                scall_ipc_exchange
 .text.xlist_init
                0x00003d4e       0x54 obj/Debug/kernel/xlist.o
                0x00003d4e                xlist_init
 .text.xlist_head
                0x00003da2       0x58 obj/Debug/kernel/xlist.o
                0x00003da2                xlist_head
 .text.xlist_switch
                0x00003dfa       0x50 obj/Debug/kernel/xlist.o
                0x00003dfa                xlist_switch
 .text.test_visr
                0x00003e4a       0x1e obj/Debug/main.o
                0x00003e4a                test_visr
 .text.test_visr3
                0x00003e68       0x1e obj/Debug/main.o
                0x00003e68                test_visr3
 .text.test_visr2
                0x00003e86       0x38 obj/Debug/main.o
                0x00003e86                test_visr2
 .text.main     0x00003ebe      0x13c obj/Debug/main.o
                0x00003ebe                main
                0x00003ffa                . = ALIGN (0x2)
 *(.fini9)
 .fini9         0x00003ffa        0x0 /usr/lib/gcc/avr/4.3.4/avr5/libgcc.a(_exit.o)
                0x00003ffa                exit
                0x00003ffa                _exit
 *(.fini9)
 *(.fini8)
 *(.fini8)
 *(.fini7)
 *(.fini7)
 *(.fini6)
 *(.fini6)
 *(.fini5)
 *(.fini5)
 *(.fini4)
 *(.fini4)
 *(.fini3)
 *(.fini3)
 *(.fini2)
 *(.fini2)
 *(.fini1)
 *(.fini1)
 *(.fini0)
 .fini0         0x00003ffa        0x4 /usr/lib/gcc/avr/4.3.4/avr5/libgcc.a(_exit.o)
 *(.fini0)
                0x00003ffe                _etext = .

.data           0x00800100       0x12 load address 0x00003ffe
                0x00800100                PROVIDE (__data_start, .)
 *(.data)
 .data          0x00800100       0x12 obj/Debug/main.o
                0x00800100                test_vector3
                0x00800106                test_vector
                0x0080010c                test_vector2
 *(.data*)
 *(.rodata)
 *(.rodata*)
 *(.gnu.linkonce.d*)
                0x00800112                . = ALIGN (0x2)
                0x00800112                _edata = .
                0x00800112                PROVIDE (__data_end, .)

.bss            0x00800112      0x28a
                0x00800112                PROVIDE (__bss_start, .)
 *(.bss)
 .bss           0x00800112        0x2 obj/Debug/arch/avr/gcc-vsmp/bugurt_kernel.o
                0x00800112                systimer_hook_counter
 *(.bss*)
 *(COMMON)
 COMMON         0x00800114      0x1c7 obj/Debug/arch/avr/gcc-vsmp/bugurt_kernel.o
                0x00800114                saved_vm_sp
                0x00800118                is_idle
                0x0080011a                syscall_vectors
                0x00800126                current_vm
                0x00800127                vm_state
                0x00800139                syscall_arg
                0x0080013d                syscall_num
                0x0080013f                resched_vectors
                0x0080014b                systimer_vectors
                0x00800157                vm_buf
                0x00800159                vm_stack
                0x008001d9                vm_int_stack
                0x008002d9                vsmp_systimer_hook
 COMMON         0x008002db       0xbe obj/Debug/kernel/kernel.o
                0x008002db                kernel
 COMMON         0x00800399        0x3 obj/Debug/main.o
                0x00800399                j
                0x0080039b                i
                0x0080039c                PROVIDE (__bss_end, .)
                0x00003ffe                __data_load_start = LOADADDR (.data)
                0x00004010                __data_load_end = (__data_load_start + SIZEOF (.data))

.noinit         0x0080039c        0x0
                0x0080039c                PROVIDE (__noinit_start, .)
 *(.noinit*)
                0x0080039c                PROVIDE (__noinit_end, .)
                0x0080039c                _end = .
                0x0080039c                PROVIDE (__heap_start, .)

.eeprom         0x00810000        0x0
 *(.eeprom*)
                0x00810000                __eeprom_end = .

.fuse
 *(.fuse)
 *(.lfuse)
 *(.hfuse)
 *(.efuse)

.lock
 *(.lock*)

.signature
 *(.signature*)

.stab           0x00000000     0x8f58
 *(.stab)
 .stab          0x00000000      0x6b4 /usr/lib/gcc/avr/4.3.4/../../../avr/lib/avr5/crtm328p.o
 .stab          0x000006b4     0x16b0 obj/Debug/arch/avr/gcc-vsmp/bugurt_kernel.o
                               0x16bc (size before relaxing)
 .stab          0x00001d64      0xb10 obj/Debug/arch/avr/gcc-vsmp/vsmp.o
                               0x1050 (size before relaxing)
 .stab          0x00002874      0x648 obj/Debug/arch/avr/gcc/bugurt_proc_stack_init.o
                                0x960 (size before relaxing)
 .stab          0x00002ebc      0x3d8 obj/Debug/kernel/crit_sec.o
                                0x7e0 (size before relaxing)
 .stab          0x00003294      0x300 obj/Debug/kernel/index.o
                                0x804 (size before relaxing)
 .stab          0x00003594      0x4c8 obj/Debug/kernel/ipc.o
                                0x9cc (size before relaxing)
 .stab          0x00003a5c      0x3cc obj/Debug/kernel/item.o
                                0x8d0 (size before relaxing)
 .stab          0x00003e28      0x30c obj/Debug/kernel/kernel.o
                                0x810 (size before relaxing)
 .stab          0x00004134      0x624 obj/Debug/kernel/mutex.o
                                0xb28 (size before relaxing)
 .stab          0x00004758      0x3a8 obj/Debug/kernel/pcounter.o
                                0x9f0 (size before relaxing)
 .stab          0x00004b00      0x690 obj/Debug/kernel/pitem.o
                                0xb94 (size before relaxing)
 .stab          0x00005190      0xd8c obj/Debug/kernel/proc.o
                               0x1548 (size before relaxing)
 .stab          0x00005f1c      0x990 obj/Debug/kernel/sched.o
                                0xe94 (size before relaxing)
 .stab          0x000068ac      0x5c4 obj/Debug/kernel/sem.o
                                0xac8 (size before relaxing)
 .stab          0x00006e70      0x804 obj/Debug/kernel/sig.o
                                0xd08 (size before relaxing)
 .stab          0x00007674      0xde0 obj/Debug/kernel/syscall.o
                               0x1e6c (size before relaxing)
 .stab          0x00008454      0x1f8 obj/Debug/kernel/timer.o
                                0x90c (size before relaxing)
 .stab          0x0000864c      0x3c0 obj/Debug/kernel/xlist.o
                                0x8c4 (size before relaxing)
 .stab          0x00008a0c      0x54c obj/Debug/main.o
                                0xa8c (size before relaxing)

.stabstr        0x00000000     0x4077
 *(.stabstr)
 .stabstr       0x00000000     0x4077 /usr/lib/gcc/avr/4.3.4/../../../avr/lib/avr5/crtm328p.o

.stab.excl
 *(.stab.excl)

.stab.exclstr
 *(.stab.exclstr)

.stab.index
 *(.stab.index)

.stab.indexstr
 *(.stab.indexstr)

.comment
 *(.comment)

.debug
 *(.debug)

.line
 *(.line)

.debug_srcinfo
 *(.debug_srcinfo)

.debug_sfnames
 *(.debug_sfnames)

.debug_aranges
 *(.debug_aranges)

.debug_pubnames
 *(.debug_pubnames)

.debug_info
 *(.debug_info)
 *(.gnu.linkonce.wi.*)

.debug_abbrev
 *(.debug_abbrev)

.debug_line
 *(.debug_line)

.debug_frame
 *(.debug_frame)

.debug_str
 *(.debug_str)

.debug_loc
 *(.debug_loc)

.debug_macinfo
 *(.debug_macinfo)
OUTPUT(bin/Debug/vsmp-sandbox.elf elf32-avr)
LOAD linker stubs

Cross Reference Table

Symbol                                            File
__bad_interrupt                                   /usr/lib/gcc/avr/4.3.4/../../../avr/lib/avr5/crtm328p.o
__bss_end                                         /usr/lib/gcc/avr/4.3.4/avr5/libgcc.a(_clear_bss.o)
__bss_start                                       /usr/lib/gcc/avr/4.3.4/avr5/libgcc.a(_clear_bss.o)
__data_end                                        /usr/lib/gcc/avr/4.3.4/avr5/libgcc.a(_copy_data.o)
__data_load_start                                 /usr/lib/gcc/avr/4.3.4/avr5/libgcc.a(_copy_data.o)
__data_start                                      /usr/lib/gcc/avr/4.3.4/avr5/libgcc.a(_copy_data.o)
__do_clear_bss                                    /usr/lib/gcc/avr/4.3.4/avr5/libgcc.a(_clear_bss.o)
                                                  obj/Debug/main.o
                                                  obj/Debug/kernel/xlist.o
                                                  obj/Debug/kernel/timer.o
                                                  obj/Debug/kernel/syscall.o
                                                  obj/Debug/kernel/sig.o
                                                  obj/Debug/kernel/sem.o
                                                  obj/Debug/kernel/sched.o
                                                  obj/Debug/kernel/proc.o
                                                  obj/Debug/kernel/pitem.o
                                                  obj/Debug/kernel/pcounter.o
                                                  obj/Debug/kernel/mutex.o
                                                  obj/Debug/kernel/kernel.o
                                                  obj/Debug/kernel/item.o
                                                  obj/Debug/kernel/ipc.o
                                                  obj/Debug/kernel/index.o
                                                  obj/Debug/kernel/crit_sec.o
                                                  obj/Debug/arch/avr/gcc/bugurt_proc_stack_init.o
                                                  obj/Debug/arch/avr/gcc-vsmp/vsmp.o
                                                  obj/Debug/arch/avr/gcc-vsmp/bugurt_kernel.o
__do_copy_data                                    /usr/lib/gcc/avr/4.3.4/avr5/libgcc.a(_copy_data.o)
                                                  obj/Debug/main.o
                                                  obj/Debug/kernel/xlist.o
                                                  obj/Debug/kernel/timer.o
                                                  obj/Debug/kernel/syscall.o
                                                  obj/Debug/kernel/sig.o
                                                  obj/Debug/kernel/sem.o
                                                  obj/Debug/kernel/sched.o
                                                  obj/Debug/kernel/proc.o
                                                  obj/Debug/kernel/pitem.o
                                                  obj/Debug/kernel/pcounter.o
                                                  obj/Debug/kernel/mutex.o
                                                  obj/Debug/kernel/kernel.o
                                                  obj/Debug/kernel/item.o
                                                  obj/Debug/kernel/ipc.o
                                                  obj/Debug/kernel/index.o
                                                  obj/Debug/kernel/crit_sec.o
                                                  obj/Debug/arch/avr/gcc/bugurt_proc_stack_init.o
                                                  obj/Debug/arch/avr/gcc-vsmp/vsmp.o
                                                  obj/Debug/arch/avr/gcc-vsmp/bugurt_kernel.o
__heap_end                                        /usr/lib/gcc/avr/4.3.4/../../../avr/lib/avr5/crtm328p.o
__init                                            /usr/lib/gcc/avr/4.3.4/../../../avr/lib/avr5/crtm328p.o
__stack                                           /usr/lib/gcc/avr/4.3.4/../../../avr/lib/avr5/crtm328p.o
__vector_1                                        /usr/lib/gcc/avr/4.3.4/../../../avr/lib/avr5/crtm328p.o
__vector_10                                       /usr/lib/gcc/avr/4.3.4/../../../avr/lib/avr5/crtm328p.o
__vector_11                                       /usr/lib/gcc/avr/4.3.4/../../../avr/lib/avr5/crtm328p.o
__vector_12                                       /usr/lib/gcc/avr/4.3.4/../../../avr/lib/avr5/crtm328p.o
__vector_13                                       /usr/lib/gcc/avr/4.3.4/../../../avr/lib/avr5/crtm328p.o
__vector_14                                       /usr/lib/gcc/avr/4.3.4/../../../avr/lib/avr5/crtm328p.o
__vector_15                                       /usr/lib/gcc/avr/4.3.4/../../../avr/lib/avr5/crtm328p.o
__vector_16                                       /usr/lib/gcc/avr/4.3.4/../../../avr/lib/avr5/crtm328p.o
__vector_17                                       /usr/lib/gcc/avr/4.3.4/../../../avr/lib/avr5/crtm328p.o
__vector_18                                       /usr/lib/gcc/avr/4.3.4/../../../avr/lib/avr5/crtm328p.o
__vector_19                                       /usr/lib/gcc/avr/4.3.4/../../../avr/lib/avr5/crtm328p.o
__vector_2                                        /usr/lib/gcc/avr/4.3.4/../../../avr/lib/avr5/crtm328p.o
__vector_20                                       /usr/lib/gcc/avr/4.3.4/../../../avr/lib/avr5/crtm328p.o
__vector_21                                       /usr/lib/gcc/avr/4.3.4/../../../avr/lib/avr5/crtm328p.o
__vector_22                                       /usr/lib/gcc/avr/4.3.4/../../../avr/lib/avr5/crtm328p.o
__vector_23                                       /usr/lib/gcc/avr/4.3.4/../../../avr/lib/avr5/crtm328p.o
__vector_24                                       /usr/lib/gcc/avr/4.3.4/../../../avr/lib/avr5/crtm328p.o
__vector_25                                       /usr/lib/gcc/avr/4.3.4/../../../avr/lib/avr5/crtm328p.o
__vector_3                                        /usr/lib/gcc/avr/4.3.4/../../../avr/lib/avr5/crtm328p.o
__vector_4                                        /usr/lib/gcc/avr/4.3.4/../../../avr/lib/avr5/crtm328p.o
__vector_5                                        /usr/lib/gcc/avr/4.3.4/../../../avr/lib/avr5/crtm328p.o
__vector_6                                        /usr/lib/gcc/avr/4.3.4/../../../avr/lib/avr5/crtm328p.o
__vector_7                                        obj/Debug/arch/avr/gcc-vsmp/vsmp.o
                                                  /usr/lib/gcc/avr/4.3.4/../../../avr/lib/avr5/crtm328p.o
__vector_8                                        /usr/lib/gcc/avr/4.3.4/../../../avr/lib/avr5/crtm328p.o
__vector_9                                        /usr/lib/gcc/avr/4.3.4/../../../avr/lib/avr5/crtm328p.o
__vector_default                                  /usr/lib/gcc/avr/4.3.4/../../../avr/lib/avr5/crtm328p.o
__vectors                                         /usr/lib/gcc/avr/4.3.4/../../../avr/lib/avr5/crtm328p.o
_clear_timer                                      obj/Debug/kernel/timer.o
_enter_crit_sec                                   obj/Debug/kernel/crit_sec.o
                                                  obj/Debug/kernel/timer.o
_exit                                             /usr/lib/gcc/avr/4.3.4/avr5/libgcc.a(_exit.o)
_exit_crit_sec                                    obj/Debug/kernel/crit_sec.o
                                                  obj/Debug/kernel/timer.o
_ipc_exchange                                     obj/Debug/kernel/ipc.o
                                                  obj/Debug/kernel/syscall.o
_ipc_wait                                         obj/Debug/kernel/ipc.o
                                                  obj/Debug/kernel/syscall.o
_mutex_lock                                       obj/Debug/kernel/mutex.o
                                                  obj/Debug/kernel/syscall.o
_mutex_try_lock                                   obj/Debug/kernel/mutex.o
                                                  obj/Debug/kernel/syscall.o
_mutex_unlock                                     obj/Debug/kernel/mutex.o
                                                  obj/Debug/kernel/syscall.o
_proc_flag_stop                                   obj/Debug/kernel/proc.o
                                                  obj/Debug/kernel/syscall.o
_proc_lazy_load_balancer                          obj/Debug/kernel/proc.o
_proc_lres_dec                                    obj/Debug/kernel/proc.o
                                                  obj/Debug/kernel/mutex.o
_proc_lres_inc                                    obj/Debug/kernel/proc.o
                                                  obj/Debug/kernel/mutex.o
_proc_prio_control_running                        obj/Debug/kernel/proc.o
                                                  obj/Debug/kernel/mutex.o
_proc_prio_control_stoped                         obj/Debug/kernel/proc.o
                                                  obj/Debug/kernel/mutex.o
_proc_reset_watchdog                              obj/Debug/kernel/proc.o
                                                  obj/Debug/kernel/syscall.o
_proc_run                                         obj/Debug/kernel/proc.o
                                                  obj/Debug/kernel/sem.o
                                                  obj/Debug/kernel/mutex.o
                                                  obj/Debug/kernel/ipc.o
_proc_run_                                        obj/Debug/kernel/proc.o
                                                  obj/Debug/kernel/sig.o
_proc_stop                                        obj/Debug/kernel/proc.o
                                                  obj/Debug/kernel/syscall.o
                                                  obj/Debug/kernel/sem.o
                                                  obj/Debug/kernel/mutex.o
_proc_stop_                                       obj/Debug/kernel/proc.o
                                                  obj/Debug/kernel/sig.o
                                                  obj/Debug/kernel/mutex.o
                                                  obj/Debug/kernel/ipc.o
_proc_terminate                                   obj/Debug/kernel/proc.o
                                                  obj/Debug/kernel/syscall.o
_sem_lock                                         obj/Debug/kernel/sem.o
                                                  obj/Debug/kernel/syscall.o
_sem_try_lock                                     obj/Debug/kernel/sem.o
                                                  obj/Debug/kernel/syscall.o
_sig_wait_epilogue                                obj/Debug/kernel/sig.o
                                                  obj/Debug/kernel/syscall.o
_sig_wait_prologue                                obj/Debug/kernel/sig.o
                                                  obj/Debug/kernel/syscall.o
_syscall_isr                                      obj/Debug/arch/avr/gcc-vsmp/bugurt_kernel.o
_systimer_tick_isr                                obj/Debug/arch/avr/gcc-vsmp/bugurt_kernel.o
_timer                                            obj/Debug/kernel/timer.o
_vsmp_vinterrupt                                  obj/Debug/arch/avr/gcc-vsmp/vsmp.o
                                                  obj/Debug/arch/avr/gcc-vsmp/bugurt_kernel.o
bugurt_pop_context                                obj/Debug/arch/avr/gcc/bugurt_kernel_asm.o
                                                  obj/Debug/arch/avr/gcc-vsmp/vsmp.o
bugurt_push_pointer                               obj/Debug/arch/avr/gcc/bugurt_kernel_asm.o
                                                  obj/Debug/arch/avr/gcc-vsmp/vsmp.o
bugurt_restore_context                            obj/Debug/arch/avr/gcc/bugurt_kernel_asm.o
                                                  obj/Debug/arch/avr/gcc-vsmp/vsmp.o
bugurt_reverse_byte_order                         obj/Debug/arch/avr/gcc/bugurt_kernel_asm.o
bugurt_save_context                               obj/Debug/arch/avr/gcc/bugurt_kernel_asm.o
                                                  obj/Debug/arch/avr/gcc-vsmp/vsmp.o
bugurt_set_stack_pointer                          obj/Debug/arch/avr/gcc/bugurt_kernel_asm.o
                                                  obj/Debug/arch/avr/gcc-vsmp/vsmp.o
                                                  obj/Debug/arch/avr/gcc-vsmp/bugurt_kernel.o
current_core                                      obj/Debug/arch/avr/gcc-vsmp/bugurt_kernel.o
                                                  obj/Debug/main.o
                                                  obj/Debug/kernel/sched.o
                                                  obj/Debug/kernel/proc.o
                                                  obj/Debug/kernel/crit_sec.o
current_proc                                      obj/Debug/arch/avr/gcc-vsmp/bugurt_kernel.o
                                                  obj/Debug/kernel/syscall.o
                                                  obj/Debug/kernel/sig.o
                                                  obj/Debug/kernel/sem.o
                                                  obj/Debug/kernel/proc.o
                                                  obj/Debug/kernel/mutex.o
                                                  obj/Debug/kernel/ipc.o
current_vm                                        obj/Debug/main.o
                                                  obj/Debug/arch/avr/gcc-vsmp/vsmp.o
                                                  obj/Debug/arch/avr/gcc-vsmp/bugurt_kernel.o
disable_interrupts                                obj/Debug/arch/avr/gcc-vsmp/vsmp.o
                                                  obj/Debug/kernel/syscall.o
                                                  obj/Debug/kernel/proc.o
                                                  obj/Debug/kernel/crit_sec.o
                                                  obj/Debug/arch/avr/gcc-vsmp/bugurt_kernel.o
do_syscall                                        obj/Debug/kernel/syscall.o
                                                  obj/Debug/arch/avr/gcc-vsmp/bugurt_kernel.o
enable_interrupts                                 obj/Debug/arch/avr/gcc-vsmp/vsmp.o
                                                  obj/Debug/main.o
                                                  obj/Debug/kernel/syscall.o
                                                  obj/Debug/kernel/proc.o
                                                  obj/Debug/kernel/crit_sec.o
                                                  obj/Debug/arch/avr/gcc-vsmp/bugurt_kernel.o
exit                                              /usr/lib/gcc/avr/4.3.4/avr5/libgcc.a(_exit.o)
                                                  /usr/lib/gcc/avr/4.3.4/../../../avr/lib/avr5/crtm328p.o
i                                                 obj/Debug/main.o
idle_main                                         obj/Debug/kernel/kernel.o
                                                  obj/Debug/arch/avr/gcc-vsmp/bugurt_kernel.o
index_search                                      obj/Debug/kernel/index.o
                                                  obj/Debug/kernel/xlist.o
                                                  obj/Debug/kernel/proc.o
init_bugurt                                       obj/Debug/arch/avr/gcc-vsmp/bugurt_kernel.o
                                                  obj/Debug/main.o
ipc_exchange                                      obj/Debug/kernel/syscall.o
ipc_send                                          obj/Debug/kernel/syscall.o
ipc_send_isr                                      obj/Debug/kernel/ipc.o
                                                  obj/Debug/kernel/syscall.o
ipc_wait                                          obj/Debug/kernel/syscall.o
is_idle                                           obj/Debug/arch/avr/gcc-vsmp/bugurt_kernel.o
item_cut                                          obj/Debug/kernel/item.o
                                                  obj/Debug/kernel/sig.o
                                                  obj/Debug/kernel/pitem.o
                                                  obj/Debug/arch/avr/gcc-vsmp/vsmp.o
item_init                                         obj/Debug/kernel/item.o
                                                  obj/Debug/kernel/pitem.o
                                                  obj/Debug/arch/avr/gcc-vsmp/vsmp.o
item_insert                                       obj/Debug/kernel/item.o
                                                  obj/Debug/kernel/pitem.o
                                                  obj/Debug/arch/avr/gcc-vsmp/vsmp.o
                                                  obj/Debug/arch/avr/gcc-vsmp/bugurt_kernel.o
j                                                 obj/Debug/main.o
kernel                                            obj/Debug/kernel/timer.o
                                                  obj/Debug/kernel/sig.o
                                                  obj/Debug/kernel/sched.o
                                                  obj/Debug/kernel/proc.o
                                                  obj/Debug/kernel/kernel.o
                                                  obj/Debug/kernel/crit_sec.o
                                                  obj/Debug/arch/avr/gcc-vsmp/bugurt_kernel.o
kernel_init                                       obj/Debug/kernel/kernel.o
                                                  obj/Debug/arch/avr/gcc-vsmp/bugurt_kernel.o
main                                              obj/Debug/main.o
                                                  /usr/lib/gcc/avr/4.3.4/../../../avr/lib/avr5/crtm328p.o
mutex_init                                        obj/Debug/kernel/syscall.o
mutex_init_isr                                    obj/Debug/kernel/mutex.o
                                                  obj/Debug/kernel/syscall.o
mutex_lock                                        obj/Debug/kernel/syscall.o
mutex_try_lock                                    obj/Debug/kernel/syscall.o
mutex_unlock                                      obj/Debug/kernel/syscall.o
pcounter_dec                                      obj/Debug/kernel/pcounter.o
                                                  obj/Debug/kernel/proc.o
pcounter_inc                                      obj/Debug/kernel/pcounter.o
                                                  obj/Debug/kernel/proc.o
pcounter_init                                     obj/Debug/kernel/pcounter.o
                                                  obj/Debug/kernel/proc.o
pcounter_minus                                    obj/Debug/kernel/pcounter.o
pcounter_plus                                     obj/Debug/kernel/pcounter.o
pitem_cut                                         obj/Debug/kernel/pitem.o
                                                  obj/Debug/kernel/sem.o
                                                  obj/Debug/kernel/proc.o
                                                  obj/Debug/kernel/mutex.o
pitem_fast_cut                                    obj/Debug/kernel/pitem.o
                                                  obj/Debug/kernel/sig.o
                                                  obj/Debug/kernel/sched.o
                                                  obj/Debug/kernel/proc.o
pitem_init                                        obj/Debug/kernel/pitem.o
                                                  obj/Debug/kernel/proc.o
pitem_insert                                      obj/Debug/kernel/pitem.o
                                                  obj/Debug/kernel/sig.o
                                                  obj/Debug/kernel/sem.o
                                                  obj/Debug/kernel/sched.o
                                                  obj/Debug/kernel/proc.o
                                                  obj/Debug/kernel/mutex.o
pitem_xlist_chain                                 obj/Debug/kernel/pitem.o
                                                  obj/Debug/kernel/sig.o
proc_flag_stop                                    obj/Debug/kernel/syscall.o
proc_init                                         obj/Debug/kernel/syscall.o
proc_init_isr                                     obj/Debug/kernel/proc.o
                                                  obj/Debug/kernel/syscall.o
                                                  obj/Debug/kernel/kernel.o
proc_lazy_global_load_balancer                    obj/Debug/kernel/proc.o
proc_lazy_local_load_balancer                     obj/Debug/kernel/proc.o
proc_reset_watchdog                               obj/Debug/kernel/syscall.o
proc_restart                                      obj/Debug/kernel/syscall.o
proc_restart_isr                                  obj/Debug/kernel/proc.o
                                                  obj/Debug/kernel/syscall.o
proc_run                                          obj/Debug/kernel/syscall.o
proc_run_isr                                      obj/Debug/kernel/proc.o
                                                  obj/Debug/kernel/syscall.o
proc_run_wrapper                                  obj/Debug/kernel/syscall.o
                                                  obj/Debug/kernel/proc.o
proc_self_stop                                    obj/Debug/kernel/syscall.o
proc_stack_init                                   obj/Debug/arch/avr/gcc/bugurt_proc_stack_init.o
                                                  obj/Debug/kernel/proc.o
                                                  obj/Debug/arch/avr/gcc-vsmp/vsmp.o
proc_stop                                         obj/Debug/kernel/syscall.o
proc_stop_isr                                     obj/Debug/kernel/proc.o
                                                  obj/Debug/kernel/syscall.o
resched                                           obj/Debug/arch/avr/gcc-vsmp/bugurt_kernel.o
                                                  obj/Debug/kernel/sig.o
                                                  obj/Debug/kernel/proc.o
                                                  obj/Debug/kernel/mutex.o
                                                  obj/Debug/kernel/ipc.o
resched_isr                                       obj/Debug/arch/avr/gcc-vsmp/bugurt_kernel.o
resched_vectors                                   obj/Debug/arch/avr/gcc-vsmp/bugurt_kernel.o
resched_vectors_init                              obj/Debug/arch/avr/gcc-vsmp/bugurt_kernel.o
saved_vm_sp                                       obj/Debug/arch/avr/gcc-vsmp/bugurt_kernel.o
scall_ipc_exchange                                obj/Debug/kernel/syscall.o
scall_ipc_send                                    obj/Debug/kernel/syscall.o
scall_ipc_wait                                    obj/Debug/kernel/syscall.o
scall_mutex_init                                  obj/Debug/kernel/syscall.o
scall_mutex_lock                                  obj/Debug/kernel/syscall.o
scall_mutex_try_lock                              obj/Debug/kernel/syscall.o
scall_mutex_unlock                                obj/Debug/kernel/syscall.o
scall_proc_flag_stop                              obj/Debug/kernel/syscall.o
scall_proc_init                                   obj/Debug/kernel/syscall.o
scall_proc_reset_watchdog                         obj/Debug/kernel/syscall.o
scall_proc_restart                                obj/Debug/kernel/syscall.o
scall_proc_run                                    obj/Debug/kernel/syscall.o
scall_proc_self_stop                              obj/Debug/kernel/syscall.o
scall_proc_stop                                   obj/Debug/kernel/syscall.o
scall_proc_terminate                              obj/Debug/kernel/syscall.o
scall_sem_init                                    obj/Debug/kernel/syscall.o
scall_sem_lock                                    obj/Debug/kernel/syscall.o
scall_sem_try_lock                                obj/Debug/kernel/syscall.o
scall_sem_unlock                                  obj/Debug/kernel/syscall.o
scall_sig_broadcast                               obj/Debug/kernel/syscall.o
scall_sig_init                                    obj/Debug/kernel/syscall.o
scall_sig_signal                                  obj/Debug/kernel/syscall.o
scall_sig_wait                                    obj/Debug/kernel/syscall.o
scall_sig_wakeup                                  obj/Debug/kernel/syscall.o
sched_highest_load_core                           obj/Debug/kernel/sched.o
                                                  obj/Debug/kernel/sig.o
                                                  obj/Debug/kernel/proc.o
sched_init                                        obj/Debug/kernel/sched.o
                                                  obj/Debug/kernel/kernel.o
sched_load_balancer                               obj/Debug/kernel/sched.o
                                                  obj/Debug/kernel/sig.o
                                                  obj/Debug/kernel/proc.o
sched_reschedule                                  obj/Debug/kernel/sched.o
                                                  obj/Debug/arch/avr/gcc-vsmp/bugurt_kernel.o
sched_schedule                                    obj/Debug/kernel/sched.o
                                                  obj/Debug/arch/avr/gcc-vsmp/bugurt_kernel.o
sem_init                                          obj/Debug/kernel/syscall.o
sem_init_isr                                      obj/Debug/kernel/sem.o
                                                  obj/Debug/kernel/syscall.o
sem_lock                                          obj/Debug/kernel/syscall.o
sem_try_lock                                      obj/Debug/kernel/syscall.o
sem_unlock                                        obj/Debug/kernel/syscall.o
sem_unlock_isr                                    obj/Debug/kernel/sem.o
                                                  obj/Debug/kernel/syscall.o
sig_broadcast                                     obj/Debug/kernel/syscall.o
sig_broadcast_isr                                 obj/Debug/kernel/sig.o
                                                  obj/Debug/kernel/syscall.o
sig_init                                          obj/Debug/kernel/syscall.o
sig_init_isr                                      obj/Debug/kernel/sig.o
                                                  obj/Debug/kernel/syscall.o
sig_signal                                        obj/Debug/kernel/syscall.o
sig_signal_isr                                    obj/Debug/kernel/sig.o
                                                  obj/Debug/kernel/syscall.o
sig_wait                                          obj/Debug/kernel/syscall.o
spin_init                                         obj/Debug/arch/avr/gcc-vsmp/bugurt_kernel.o
                                                  obj/Debug/kernel/sig.o
                                                  obj/Debug/kernel/sem.o
                                                  obj/Debug/kernel/sched.o
                                                  obj/Debug/kernel/proc.o
                                                  obj/Debug/kernel/mutex.o
                                                  obj/Debug/kernel/kernel.o
spin_lock                                         obj/Debug/arch/avr/gcc-vsmp/bugurt_kernel.o
                                                  obj/Debug/kernel/timer.o
                                                  obj/Debug/kernel/syscall.o
                                                  obj/Debug/kernel/sig.o
                                                  obj/Debug/kernel/sem.o
                                                  obj/Debug/kernel/sched.o
                                                  obj/Debug/kernel/proc.o
                                                  obj/Debug/kernel/mutex.o
                                                  obj/Debug/kernel/kernel.o
                                                  obj/Debug/kernel/ipc.o
spin_unlock                                       obj/Debug/arch/avr/gcc-vsmp/bugurt_kernel.o
                                                  obj/Debug/kernel/timer.o
                                                  obj/Debug/kernel/syscall.o
                                                  obj/Debug/kernel/sig.o
                                                  obj/Debug/kernel/sem.o
                                                  obj/Debug/kernel/sched.o
                                                  obj/Debug/kernel/proc.o
                                                  obj/Debug/kernel/mutex.o
                                                  obj/Debug/kernel/kernel.o
                                                  obj/Debug/kernel/ipc.o
start_bugurt                                      obj/Debug/arch/avr/gcc-vsmp/bugurt_kernel.o
                                                  obj/Debug/main.o
stat_calc_load                                    obj/Debug/arch/avr/gcc-vsmp/bugurt_kernel.o
                                                  obj/Debug/kernel/sched.o
stat_dec                                          obj/Debug/arch/avr/gcc-vsmp/bugurt_kernel.o
                                                  obj/Debug/kernel/sig.o
                                                  obj/Debug/kernel/sched.o
                                                  obj/Debug/kernel/proc.o
stat_inc                                          obj/Debug/arch/avr/gcc-vsmp/bugurt_kernel.o
                                                  obj/Debug/kernel/sig.o
                                                  obj/Debug/kernel/sched.o
                                                  obj/Debug/kernel/proc.o
stat_init                                         obj/Debug/arch/avr/gcc-vsmp/bugurt_kernel.o
                                                  obj/Debug/kernel/sig.o
                                                  obj/Debug/kernel/kernel.o
stat_merge                                        obj/Debug/arch/avr/gcc-vsmp/bugurt_kernel.o
                                                  obj/Debug/kernel/sig.o
syscall_arg                                       obj/Debug/arch/avr/gcc-vsmp/bugurt_kernel.o
syscall_bugurt                                    obj/Debug/arch/avr/gcc-vsmp/bugurt_kernel.o
                                                  obj/Debug/kernel/syscall.o
syscall_isr                                       obj/Debug/arch/avr/gcc-vsmp/bugurt_kernel.o
syscall_num                                       obj/Debug/arch/avr/gcc-vsmp/bugurt_kernel.o
syscall_routine                                   obj/Debug/kernel/syscall.o
syscall_vectors                                   obj/Debug/arch/avr/gcc-vsmp/bugurt_kernel.o
syscall_vectors_init                              obj/Debug/arch/avr/gcc-vsmp/bugurt_kernel.o
systimer_hook_counter                             obj/Debug/arch/avr/gcc-vsmp/bugurt_kernel.o
systimer_sched_isr                                obj/Debug/arch/avr/gcc-vsmp/bugurt_kernel.o
systimer_tick_isr                                 obj/Debug/arch/avr/gcc-vsmp/bugurt_kernel.o
systimer_vectors                                  obj/Debug/arch/avr/gcc-vsmp/bugurt_kernel.o
systimer_vectors_fire                             obj/Debug/arch/avr/gcc-vsmp/bugurt_kernel.o
systimer_vectors_init                             obj/Debug/arch/avr/gcc-vsmp/bugurt_kernel.o
test_vector                                       obj/Debug/main.o
test_vector2                                      obj/Debug/main.o
test_vector3                                      obj/Debug/main.o
test_visr                                         obj/Debug/main.o
test_visr2                                        obj/Debug/main.o
test_visr3                                        obj/Debug/main.o
vinterrupt_wrapper                                obj/Debug/arch/avr/gcc-vsmp/vsmp.o
vm_buf                                            obj/Debug/main.o
                                                  obj/Debug/arch/avr/gcc-vsmp/vsmp.o
                                                  obj/Debug/arch/avr/gcc-vsmp/bugurt_kernel.o
vm_int_stack                                      obj/Debug/main.o
                                                  obj/Debug/arch/avr/gcc-vsmp/vsmp.o
                                                  obj/Debug/arch/avr/gcc-vsmp/bugurt_kernel.o
vm_stack                                          obj/Debug/main.o
                                                  obj/Debug/arch/avr/gcc-vsmp/vsmp.o
                                                  obj/Debug/arch/avr/gcc-vsmp/bugurt_kernel.o
vm_state                                          obj/Debug/main.o
                                                  obj/Debug/arch/avr/gcc-vsmp/vsmp.o
                                                  obj/Debug/arch/avr/gcc-vsmp/bugurt_kernel.o
vsmp_do_interrupt                                 obj/Debug/arch/avr/gcc-vsmp/vsmp.o
vsmp_idle_main                                    obj/Debug/arch/avr/gcc-vsmp/vsmp.o
                                                  obj/Debug/arch/avr/gcc-vsmp/bugurt_kernel.o
vsmp_init                                         obj/Debug/arch/avr/gcc-vsmp/vsmp.o
                                                  obj/Debug/main.o
vsmp_run                                          obj/Debug/arch/avr/gcc-vsmp/vsmp.o
                                                  obj/Debug/main.o
vsmp_systimer_hook                                obj/Debug/main.o
                                                  obj/Debug/arch/avr/gcc-vsmp/vsmp.o
                                                  obj/Debug/arch/avr/gcc-vsmp/bugurt_kernel.o
vsmp_systimer_hook_bugurt                         obj/Debug/arch/avr/gcc-vsmp/bugurt_kernel.o
vsmp_vinterrupt                                   obj/Debug/arch/avr/gcc-vsmp/vsmp.o
                                                  obj/Debug/main.o
vsmp_vinterrupt_init                              obj/Debug/arch/avr/gcc-vsmp/vsmp.o
                                                  obj/Debug/arch/avr/gcc-vsmp/bugurt_kernel.o
vsmp_vinterrupt_isr                               obj/Debug/arch/avr/gcc-vsmp/vsmp.o
                                                  obj/Debug/main.o
                                                  obj/Debug/arch/avr/gcc-vsmp/bugurt_kernel.o
vsmp_vm_init                                      obj/Debug/arch/avr/gcc-vsmp/vsmp.o
wait_time                                         obj/Debug/kernel/timer.o
xlist_head                                        obj/Debug/kernel/xlist.o
                                                  obj/Debug/kernel/sig.o
                                                  obj/Debug/kernel/sem.o
                                                  obj/Debug/kernel/sched.o
                                                  obj/Debug/kernel/proc.o
                                                  obj/Debug/kernel/pitem.o
                                                  obj/Debug/kernel/mutex.o
xlist_init                                        obj/Debug/kernel/xlist.o
                                                  obj/Debug/kernel/sig.o
                                                  obj/Debug/kernel/sem.o
                                                  obj/Debug/kernel/sched.o
                                                  obj/Debug/kernel/mutex.o
xlist_switch                                      obj/Debug/kernel/xlist.o
                                                  obj/Debug/kernel/sched.o
                                                  obj/Debug/kernel/pitem.o
