Archive member included because of file (symbol)

/usr/lib/gcc/avr/4.3.3/avr51/libgcc.a(_exit.o)
                              /usr/lib/gcc/avr/4.3.3/../../../avr/lib/avr51/crtm128.o (exit)
/usr/lib/gcc/avr/4.3.3/avr51/libgcc.a(_clear_bss.o)
                              obj/Debug/main.o (__do_clear_bss)

Allocating common symbols
Common symbol       size              file

srt21               0x80              obj/Debug/main.o
rt12                0x14              obj/Debug/main.o
rt02                0x14              obj/Debug/main.o
rt21                0x14              obj/Debug/main.o
srt02               0x80              obj/Debug/main.o
my_sig              0x22              obj/Debug/main.o
srt03               0x80              obj/Debug/main.o
srt01               0x80              obj/Debug/main.o
srt11               0x80              obj/Debug/main.o
sgp02               0x80              obj/Debug/main.o
gp02                0x14              obj/Debug/main.o
rt03                0x14              obj/Debug/main.o
idle                0x14              obj/Debug/BuguRTOS-0.0.x/arch/avr/bugurt.o
sgp03               0x80              obj/Debug/main.o
gp11                0x14              obj/Debug/main.o
sgp01               0x80              obj/Debug/main.o
sgp11               0x80              obj/Debug/main.o
gp01                0x14              obj/Debug/main.o
rt01_timer          0x2               obj/Debug/main.o
rt11                0x14              obj/Debug/main.o
sgp12               0x80              obj/Debug/main.o
srt12               0x80              obj/Debug/main.o
rt01                0x14              obj/Debug/main.o
gp03                0x14              obj/Debug/main.o
system_sched        0x3f              obj/Debug/main.o
gp12                0x14              obj/Debug/main.o
my_sem              0x23              obj/Debug/main.o
my_sig2             0x22              obj/Debug/main.o

Memory Configuration

Name             Origin             Length             Attributes
text             0x00000000         0x00020000         xr
data             0x00800060         0x0000ffa0         rw !x
eeprom           0x00810000         0x00010000         rw !x
fuse             0x00820000         0x00000400         rw !x
lock             0x00830000         0x00000400         rw !x
signature        0x00840000         0x00000400         rw !x
*default*        0x00000000         0xffffffff

Linker script and memory map

Address of section .data set to 0x800100
LOAD /usr/lib/gcc/avr/4.3.3/../../../avr/lib/avr51/crtm128.o
LOAD obj/Debug/main.o
LOAD obj/Debug/BuguRTOS-0.0.x/arch/avr/bugurt.o
LOAD obj/Debug/BuguRTOS-0.0.x/kernel/proc.o
LOAD obj/Debug/BuguRTOS-0.0.x/kernel/sched.o
LOAD obj/Debug/BuguRTOS-0.0.x/kernel/sem.o
LOAD obj/Debug/BuguRTOS-0.0.x/kernel/sig.o
LOAD obj/Debug/osbme/arch/avr/osbme.o
LOAD obj/Debug/osbme/arch/avr/osbme_asm.o
LOAD /usr/lib/gcc/avr/4.3.3/avr51/libgcc.a
LOAD /usr/lib/gcc/avr/4.3.3/../../../avr/lib/avr51/libm.a
LOAD /usr/lib/gcc/avr/4.3.3/avr51/libgcc.a
LOAD /usr/lib/gcc/avr/4.3.3/../../../avr/lib/avr51/libc.a
LOAD /usr/lib/gcc/avr/4.3.3/avr51/libgcc.a

.hash
 *(.hash)

.dynsym
 *(.dynsym)

.dynstr
 *(.dynstr)

.gnu.version
 *(.gnu.version)

.gnu.version_d
 *(.gnu.version_d)

.gnu.version_r
 *(.gnu.version_r)

.rel.init
 *(.rel.init)

.rela.init
 *(.rela.init)

.rel.text
 *(.rel.text)
 *(.rel.text.*)
 *(.rel.gnu.linkonce.t*)

.rela.text
 *(.rela.text)
 *(.rela.text.*)
 *(.rela.gnu.linkonce.t*)

.rel.fini
 *(.rel.fini)

.rela.fini
 *(.rela.fini)

.rel.rodata
 *(.rel.rodata)
 *(.rel.rodata.*)
 *(.rel.gnu.linkonce.r*)

.rela.rodata
 *(.rela.rodata)
 *(.rela.rodata.*)
 *(.rela.gnu.linkonce.r*)

.rel.data
 *(.rel.data)
 *(.rel.data.*)
 *(.rel.gnu.linkonce.d*)

.rela.data
 *(.rela.data)
 *(.rela.data.*)
 *(.rela.gnu.linkonce.d*)

.rel.ctors
 *(.rel.ctors)

.rela.ctors
 *(.rela.ctors)

.rel.dtors
 *(.rel.dtors)

.rela.dtors
 *(.rela.dtors)

.rel.got
 *(.rel.got)

.rela.got
 *(.rela.got)

.rel.bss
 *(.rel.bss)

.rela.bss
 *(.rela.bss)

.rel.plt
 *(.rel.plt)

.rela.plt
 *(.rela.plt)

.text           0x00000000     0x255a
 *(.vectors)
 .vectors       0x00000000       0x8c /usr/lib/gcc/avr/4.3.3/../../../avr/lib/avr51/crtm128.o
                0x00000000                __vectors
                0x00000000                __vector_default
 *(.vectors)
 *(.progmem.gcc*)
 *(.progmem*)
                0x0000008c                . = ALIGN (0x2)
                0x0000008c                __trampolines_start = .
 *(.trampolines)
 .trampolines   0x0000008c        0x0 linker stubs
 *(.trampolines*)
                0x0000008c                __trampolines_end = .
 *(.jumptables)
 *(.jumptables*)
 *(.lowtext)
 *(.lowtext*)
                0x0000008c                __ctors_start = .
 *(.ctors)
                0x0000008c                __ctors_end = .
                0x0000008c                __dtors_start = .
 *(.dtors)
                0x0000008c                __dtors_end = .
 SORT(*)(.ctors)
 SORT(*)(.dtors)
 *(.init0)
 .init0         0x0000008c        0x0 /usr/lib/gcc/avr/4.3.3/../../../avr/lib/avr51/crtm128.o
                0x0000008c                __init
 *(.init0)
 *(.init1)
 *(.init1)
 *(.init2)
 .init2         0x0000008c        0xc /usr/lib/gcc/avr/4.3.3/../../../avr/lib/avr51/crtm128.o
 *(.init2)
 *(.init3)
 *(.init3)
 *(.init4)
 .init4         0x00000098       0x1a /usr/lib/gcc/avr/4.3.3/../../../avr/lib/avr51/crtm128.o
                0x00000098                __do_copy_data
 .init4         0x000000b2       0x10 /usr/lib/gcc/avr/4.3.3/avr51/libgcc.a(_clear_bss.o)
                0x000000b2                __do_clear_bss
 *(.init4)
 *(.init5)
 *(.init5)
 *(.init6)
 *(.init6)
 *(.init7)
 *(.init7)
 *(.init8)
 *(.init8)
 *(.init9)
 .init9         0x000000c2        0x8 /usr/lib/gcc/avr/4.3.3/../../../avr/lib/avr51/crtm128.o
 *(.init9)
 *(.text)
 .text          0x000000ca        0x4 /usr/lib/gcc/avr/4.3.3/../../../avr/lib/avr51/crtm128.o
                0x000000ca                __vector_22
                0x000000ca                __vector_28
                0x000000ca                __vector_32
                0x000000ca                __vector_34
                0x000000ca                __vector_24
                0x000000ca                __bad_interrupt
                0x000000ca                __vector_6
                0x000000ca                __vector_31
                0x000000ca                __vector_3
                0x000000ca                __vector_23
                0x000000ca                __vector_30
                0x000000ca                __vector_25
                0x000000ca                __vector_11
                0x000000ca                __vector_13
                0x000000ca                __vector_17
                0x000000ca                __vector_19
                0x000000ca                __vector_7
                0x000000ca                __vector_27
                0x000000ca                __vector_5
                0x000000ca                __vector_33
                0x000000ca                __vector_4
                0x000000ca                __vector_9
                0x000000ca                __vector_2
                0x000000ca                __vector_21
                0x000000ca                __vector_15
                0x000000ca                __vector_29
                0x000000ca                __vector_8
                0x000000ca                __vector_26
                0x000000ca                __vector_14
                0x000000ca                __vector_10
                0x000000ca                __vector_16
                0x000000ca                __vector_18
                0x000000ca                __vector_20
 .text          0x000000ce      0x4ec obj/Debug/main.o
                0x000002ac                rt11_main
                0x000002ca                rt12_main
                0x0000013c                gp03_main
                0x0000028e                rt03_main
                0x0000020c                rt01_main
                0x00000170                gp12_main
                0x000000f8                gp01_main
                0x000000ce                resched_system
                0x00000270                rt02_main
                0x00000312                main
                0x000002e8                rt21_main
                0x0000011a                gp02_main
                0x000000ce                resched_local
                0x00000156                gp11_main
 .text          0x000005ba      0x430 obj/Debug/BuguRTOS-0.0.x/arch/avr/bugurt.o
                0x000006ba                __vector_1
                0x00000652                __vector_12
                0x00000888                exit_crit_sec
                0x00000822                _exit_crit_sec
                0x0000062c                _sem_unlock
                0x000007f6                _enter_crit_sec_2
                0x000007d0                _enter_crit_sec
                0x00000790                start_bugurt
                0x000005f0                _sem_try_lock
                0x00000710                init_bugurt
                0x00000944                wait_time
                0x00000866                enter_crit_sec
                0x000005ba                stack_init
                0x000009ae                _timer
                0x000008c2                nested_isr_start
                0x0000091e                nested_isr_end
 .text          0x000009ea      0xda8 obj/Debug/BuguRTOS-0.0.x/kernel/proc.o
                0x000009ea                proc_cut
                0x000014e4                proc_restart_no_resched
                0x000010e8                proc_run_wrapper
                0x00001282                proc_run_from_isr
                0x00000f1e                proc_queue_switch
                0x00001604                proc_stop_from_isr
                0x00000c36                proc_insert
                0x00001566                _proc_stop
                0x00001686                proc_stop_no_resched
                0x00000f78                proc_queue_head
                0x00001324                proc_run_no_resched
                0x00001378                proc_restart
                0x00000d2e                proc_move
                0x000015b4                proc_stop
                0x00001414                proc_restart_from_isr
                0x000016c8                proc_self_stop
                0x00001722                proc_reset_watchdog
                0x00000b14                proc_fast_cut
                0x00001214                proc_run
                0x0000113a                _proc_run
                0x00001032                proc_init
 .text          0x00001792      0x338 obj/Debug/BuguRTOS-0.0.x/kernel/sched.o
                0x00001956                resched
                0x00001792                schedule
                0x000019b0                scheduler_init
 .text          0x00001aca      0x218 obj/Debug/BuguRTOS-0.0.x/kernel/sem.o
                0x00001b88                sem_lock
                0x00001aca                sem_init
                0x00001b4c                sem_try_lock
                0x00001c38                sem_unlock
 .text          0x00001ce2      0x49e obj/Debug/BuguRTOS-0.0.x/kernel/sig.o
                0x00001d56                sig_wait
                0x00001e68                sig_signal_from_isr
                0x00001dec                sig_signal
                0x000020fa                sig_broadcast_no_resched
                0x0000202e                sig_broadcast_from_isr
                0x00001f8a                sig_broadcast
                0x00001ce2                sig_init
                0x00001f16                sig_signal_no_resched
 .text          0x00002180      0x320 obj/Debug/osbme/arch/avr/osbme.o
                0x00002180                osbme_init_stack
 .text          0x000024a0       0xb6 obj/Debug/osbme/arch/avr/osbme_asm.o
                0x000024fc                osbme_load_context
                0x000024a0                osbme_store_context
 .text          0x00002556        0x0 /usr/lib/gcc/avr/4.3.3/avr51/libgcc.a(_exit.o)
 .text          0x00002556        0x0 /usr/lib/gcc/avr/4.3.3/avr51/libgcc.a(_clear_bss.o)
                0x00002556                . = ALIGN (0x2)
 *(.text.*)
 .text.libgcc   0x00002556        0x0 /usr/lib/gcc/avr/4.3.3/avr51/libgcc.a(_exit.o)
 .text.libgcc   0x00002556        0x0 /usr/lib/gcc/avr/4.3.3/avr51/libgcc.a(_clear_bss.o)
                0x00002556                . = ALIGN (0x2)
 *(.fini9)
 .fini9         0x00002556        0x0 /usr/lib/gcc/avr/4.3.3/avr51/libgcc.a(_exit.o)
                0x00002556                exit
                0x00002556                _exit
 *(.fini9)
 *(.fini8)
 *(.fini8)
 *(.fini7)
 *(.fini7)
 *(.fini6)
 *(.fini6)
 *(.fini5)
 *(.fini5)
 *(.fini4)
 *(.fini4)
 *(.fini3)
 *(.fini3)
 *(.fini2)
 *(.fini2)
 *(.fini1)
 *(.fini1)
 *(.fini0)
 .fini0         0x00002556        0x4 /usr/lib/gcc/avr/4.3.3/avr51/libgcc.a(_exit.o)
 *(.fini0)
                0x0000255a                _etext = .

.data           0x00800100        0x0 load address 0x0000255a
                0x00800100                PROVIDE (__data_start, .)
 *(.data)
 .data          0x00800100        0x0 /usr/lib/gcc/avr/4.3.3/../../../avr/lib/avr51/crtm128.o
 .data          0x00800100        0x0 obj/Debug/main.o
 .data          0x00800100        0x0 obj/Debug/BuguRTOS-0.0.x/arch/avr/bugurt.o
 .data          0x00800100        0x0 obj/Debug/BuguRTOS-0.0.x/kernel/proc.o
 .data          0x00800100        0x0 obj/Debug/BuguRTOS-0.0.x/kernel/sched.o
 .data          0x00800100        0x0 obj/Debug/BuguRTOS-0.0.x/kernel/sem.o
 .data          0x00800100        0x0 obj/Debug/BuguRTOS-0.0.x/kernel/sig.o
 .data          0x00800100        0x0 obj/Debug/osbme/arch/avr/osbme.o
 .data          0x00800100        0x0 obj/Debug/osbme/arch/avr/osbme_asm.o
 .data          0x00800100        0x0 /usr/lib/gcc/avr/4.3.3/avr51/libgcc.a(_exit.o)
 .data          0x00800100        0x0 /usr/lib/gcc/avr/4.3.3/avr51/libgcc.a(_clear_bss.o)
 *(.data*)
 *(.rodata)
 *(.rodata*)
 *(.gnu.linkonce.d*)
                0x00800100                . = ALIGN (0x2)
                0x00800100                _edata = .
                0x00800100                PROVIDE (__data_end, .)

.bss            0x00800100      0x71c load address 0x0000255a
                0x00800100                PROVIDE (__bss_start, .)
 *(.bss)
 .bss           0x00800100        0x0 /usr/lib/gcc/avr/4.3.3/../../../avr/lib/avr51/crtm128.o
 .bss           0x00800100        0x0 obj/Debug/main.o
 .bss           0x00800100        0x4 obj/Debug/BuguRTOS-0.0.x/arch/avr/bugurt.o
                0x00800100                system_timer
 .bss           0x00800104        0x0 obj/Debug/BuguRTOS-0.0.x/kernel/proc.o
 .bss           0x00800104        0x0 obj/Debug/BuguRTOS-0.0.x/kernel/sched.o
 .bss           0x00800104        0x0 obj/Debug/BuguRTOS-0.0.x/kernel/sem.o
 .bss           0x00800104        0x0 obj/Debug/BuguRTOS-0.0.x/kernel/sig.o
 .bss           0x00800104        0x0 obj/Debug/osbme/arch/avr/osbme.o
 .bss           0x00800104        0x0 obj/Debug/osbme/arch/avr/osbme_asm.o
 .bss           0x00800104        0x0 /usr/lib/gcc/avr/4.3.3/avr51/libgcc.a(_exit.o)
 .bss           0x00800104        0x0 /usr/lib/gcc/avr/4.3.3/avr51/libgcc.a(_clear_bss.o)
 *(.bss*)
 *(COMMON)
 COMMON         0x00800104      0x704 obj/Debug/main.o
                0x00800104                srt21
                0x00800184                rt12
                0x00800198                rt02
                0x008001ac                rt21
                0x008001c0                srt02
                0x00800240                my_sig
                0x00800262                srt03
                0x008002e2                srt01
                0x00800362                srt11
                0x008003e2                sgp02
                0x00800462                gp02
                0x00800476                rt03
                0x0080048a                sgp03
                0x0080050a                gp11
                0x0080051e                sgp01
                0x0080059e                sgp11
                0x0080061e                gp01
                0x00800632                rt01_timer
                0x00800634                rt11
                0x00800648                sgp12
                0x008006c8                srt12
                0x00800748                rt01
                0x0080075c                gp03
                0x00800770                system_sched
                0x008007af                gp12
                0x008007c3                my_sem
                0x008007e6                my_sig2
 COMMON         0x00800808       0x14 obj/Debug/BuguRTOS-0.0.x/arch/avr/bugurt.o
                0x00800808                idle
                0x0080081c                PROVIDE (__bss_end, .)
                0x0000255a                __data_load_start = LOADADDR (.data)
                0x0000255a                __data_load_end = (__data_load_start + SIZEOF (.data))

.noinit         0x0080081c        0x0
                0x0080081c                PROVIDE (__noinit_start, .)
 *(.noinit*)
                0x0080081c                PROVIDE (__noinit_end, .)
                0x0080081c                _end = .
                0x0080081c                PROVIDE (__heap_start, .)

.eeprom         0x00810000        0x0
 *(.eeprom*)
                0x00810000                __eeprom_end = .

.fuse
 *(.fuse)
 *(.lfuse)
 *(.hfuse)
 *(.efuse)

.lock
 *(.lock*)

.signature
 *(.signature*)

.stab           0x00000000     0x4e30
 *(.stab)
 .stab          0x00000000      0x750 /usr/lib/gcc/avr/4.3.3/../../../avr/lib/avr51/crtm128.o
 .stab          0x00000750      0xd44 obj/Debug/main.o
                                0xd50 (size before relaxing)
 .stab          0x00001494      0xb7c obj/Debug/BuguRTOS-0.0.x/arch/avr/bugurt.o
                                0xdb0 (size before relaxing)
 .stab          0x00002010     0x159c obj/Debug/BuguRTOS-0.0.x/kernel/proc.o
                               0x17d0 (size before relaxing)
 .stab          0x000035ac      0x570 obj/Debug/BuguRTOS-0.0.x/kernel/sched.o
                                0x858 (size before relaxing)
 .stab          0x00003b1c      0x588 obj/Debug/BuguRTOS-0.0.x/kernel/sem.o
                                0x870 (size before relaxing)
 .stab          0x000040a4      0x984 obj/Debug/BuguRTOS-0.0.x/kernel/sig.o
                                0xc6c (size before relaxing)
 .stab          0x00004a28      0x408 obj/Debug/osbme/arch/avr/osbme.o
                                0x63c (size before relaxing)

.stabstr        0x00000000     0x20a3
 *(.stabstr)
 .stabstr       0x00000000     0x20a3 /usr/lib/gcc/avr/4.3.3/../../../avr/lib/avr51/crtm128.o

.stab.excl
 *(.stab.excl)

.stab.exclstr
 *(.stab.exclstr)

.stab.index
 *(.stab.index)

.stab.indexstr
 *(.stab.indexstr)

.comment
 *(.comment)

.debug
 *(.debug)

.line
 *(.line)

.debug_srcinfo
 *(.debug_srcinfo)

.debug_sfnames
 *(.debug_sfnames)

.debug_aranges
 *(.debug_aranges)

.debug_pubnames
 *(.debug_pubnames)

.debug_info
 *(.debug_info)
 *(.gnu.linkonce.wi.*)

.debug_abbrev
 *(.debug_abbrev)

.debug_line
 *(.debug_line)

.debug_frame
 *(.debug_frame)

.debug_str
 *(.debug_str)

.debug_loc
 *(.debug_loc)

.debug_macinfo
 *(.debug_macinfo)
OUTPUT(bin/Debug/BuguRTOS-0.0.x-avr-example.elf elf32-avr)
LOAD linker stubs

Cross Reference Table

Symbol                                            File
__bad_interrupt                                   /usr/lib/gcc/avr/4.3.3/../../../avr/lib/avr51/crtm128.o
__bss_end                                         /usr/lib/gcc/avr/4.3.3/avr51/libgcc.a(_clear_bss.o)
__bss_start                                       /usr/lib/gcc/avr/4.3.3/avr51/libgcc.a(_clear_bss.o)
__data_end                                        /usr/lib/gcc/avr/4.3.3/../../../avr/lib/avr51/crtm128.o
__data_load_start                                 /usr/lib/gcc/avr/4.3.3/../../../avr/lib/avr51/crtm128.o
__data_start                                      /usr/lib/gcc/avr/4.3.3/../../../avr/lib/avr51/crtm128.o
__do_clear_bss                                    /usr/lib/gcc/avr/4.3.3/avr51/libgcc.a(_clear_bss.o)
                                                  obj/Debug/osbme/arch/avr/osbme.o
                                                  obj/Debug/BuguRTOS-0.0.x/kernel/sig.o
                                                  obj/Debug/BuguRTOS-0.0.x/kernel/sem.o
                                                  obj/Debug/BuguRTOS-0.0.x/kernel/sched.o
                                                  obj/Debug/BuguRTOS-0.0.x/kernel/proc.o
                                                  obj/Debug/BuguRTOS-0.0.x/arch/avr/bugurt.o
                                                  obj/Debug/main.o
__do_copy_data                                    /usr/lib/gcc/avr/4.3.3/../../../avr/lib/avr51/crtm128.o
                                                  obj/Debug/osbme/arch/avr/osbme.o
                                                  obj/Debug/BuguRTOS-0.0.x/kernel/sig.o
                                                  obj/Debug/BuguRTOS-0.0.x/kernel/sem.o
                                                  obj/Debug/BuguRTOS-0.0.x/kernel/sched.o
                                                  obj/Debug/BuguRTOS-0.0.x/kernel/proc.o
                                                  obj/Debug/BuguRTOS-0.0.x/arch/avr/bugurt.o
                                                  obj/Debug/main.o
__heap_end                                        /usr/lib/gcc/avr/4.3.3/../../../avr/lib/avr51/crtm128.o
__init                                            /usr/lib/gcc/avr/4.3.3/../../../avr/lib/avr51/crtm128.o
__stack                                           /usr/lib/gcc/avr/4.3.3/../../../avr/lib/avr51/crtm128.o
__vector_1                                        obj/Debug/BuguRTOS-0.0.x/arch/avr/bugurt.o
                                                  /usr/lib/gcc/avr/4.3.3/../../../avr/lib/avr51/crtm128.o
__vector_10                                       /usr/lib/gcc/avr/4.3.3/../../../avr/lib/avr51/crtm128.o
__vector_11                                       /usr/lib/gcc/avr/4.3.3/../../../avr/lib/avr51/crtm128.o
__vector_12                                       obj/Debug/BuguRTOS-0.0.x/arch/avr/bugurt.o
                                                  /usr/lib/gcc/avr/4.3.3/../../../avr/lib/avr51/crtm128.o
__vector_13                                       /usr/lib/gcc/avr/4.3.3/../../../avr/lib/avr51/crtm128.o
__vector_14                                       /usr/lib/gcc/avr/4.3.3/../../../avr/lib/avr51/crtm128.o
__vector_15                                       /usr/lib/gcc/avr/4.3.3/../../../avr/lib/avr51/crtm128.o
__vector_16                                       /usr/lib/gcc/avr/4.3.3/../../../avr/lib/avr51/crtm128.o
__vector_17                                       /usr/lib/gcc/avr/4.3.3/../../../avr/lib/avr51/crtm128.o
__vector_18                                       /usr/lib/gcc/avr/4.3.3/../../../avr/lib/avr51/crtm128.o
__vector_19                                       /usr/lib/gcc/avr/4.3.3/../../../avr/lib/avr51/crtm128.o
__vector_2                                        /usr/lib/gcc/avr/4.3.3/../../../avr/lib/avr51/crtm128.o
__vector_20                                       /usr/lib/gcc/avr/4.3.3/../../../avr/lib/avr51/crtm128.o
__vector_21                                       /usr/lib/gcc/avr/4.3.3/../../../avr/lib/avr51/crtm128.o
__vector_22                                       /usr/lib/gcc/avr/4.3.3/../../../avr/lib/avr51/crtm128.o
__vector_23                                       /usr/lib/gcc/avr/4.3.3/../../../avr/lib/avr51/crtm128.o
__vector_24                                       /usr/lib/gcc/avr/4.3.3/../../../avr/lib/avr51/crtm128.o
__vector_25                                       /usr/lib/gcc/avr/4.3.3/../../../avr/lib/avr51/crtm128.o
__vector_26                                       /usr/lib/gcc/avr/4.3.3/../../../avr/lib/avr51/crtm128.o
__vector_27                                       /usr/lib/gcc/avr/4.3.3/../../../avr/lib/avr51/crtm128.o
__vector_28                                       /usr/lib/gcc/avr/4.3.3/../../../avr/lib/avr51/crtm128.o
__vector_29                                       /usr/lib/gcc/avr/4.3.3/../../../avr/lib/avr51/crtm128.o
__vector_3                                        /usr/lib/gcc/avr/4.3.3/../../../avr/lib/avr51/crtm128.o
__vector_30                                       /usr/lib/gcc/avr/4.3.3/../../../avr/lib/avr51/crtm128.o
__vector_31                                       /usr/lib/gcc/avr/4.3.3/../../../avr/lib/avr51/crtm128.o
__vector_32                                       /usr/lib/gcc/avr/4.3.3/../../../avr/lib/avr51/crtm128.o
__vector_33                                       /usr/lib/gcc/avr/4.3.3/../../../avr/lib/avr51/crtm128.o
__vector_34                                       /usr/lib/gcc/avr/4.3.3/../../../avr/lib/avr51/crtm128.o
__vector_4                                        /usr/lib/gcc/avr/4.3.3/../../../avr/lib/avr51/crtm128.o
__vector_5                                        /usr/lib/gcc/avr/4.3.3/../../../avr/lib/avr51/crtm128.o
__vector_6                                        /usr/lib/gcc/avr/4.3.3/../../../avr/lib/avr51/crtm128.o
__vector_7                                        /usr/lib/gcc/avr/4.3.3/../../../avr/lib/avr51/crtm128.o
__vector_8                                        /usr/lib/gcc/avr/4.3.3/../../../avr/lib/avr51/crtm128.o
__vector_9                                        /usr/lib/gcc/avr/4.3.3/../../../avr/lib/avr51/crtm128.o
__vector_default                                  /usr/lib/gcc/avr/4.3.3/../../../avr/lib/avr51/crtm128.o
__vectors                                         /usr/lib/gcc/avr/4.3.3/../../../avr/lib/avr51/crtm128.o
_enter_crit_sec                                   obj/Debug/BuguRTOS-0.0.x/arch/avr/bugurt.o
                                                  obj/Debug/BuguRTOS-0.0.x/kernel/sig.o
                                                  obj/Debug/BuguRTOS-0.0.x/kernel/sem.o
                                                  obj/Debug/BuguRTOS-0.0.x/kernel/proc.o
_enter_crit_sec_2                                 obj/Debug/BuguRTOS-0.0.x/arch/avr/bugurt.o
                                                  obj/Debug/BuguRTOS-0.0.x/kernel/sig.o
                                                  obj/Debug/BuguRTOS-0.0.x/kernel/proc.o
_exit                                             /usr/lib/gcc/avr/4.3.3/avr51/libgcc.a(_exit.o)
_exit_crit_sec                                    obj/Debug/BuguRTOS-0.0.x/arch/avr/bugurt.o
                                                  obj/Debug/BuguRTOS-0.0.x/kernel/sig.o
                                                  obj/Debug/BuguRTOS-0.0.x/kernel/sem.o
                                                  obj/Debug/BuguRTOS-0.0.x/kernel/proc.o
_proc_run                                         obj/Debug/BuguRTOS-0.0.x/kernel/proc.o
                                                  obj/Debug/BuguRTOS-0.0.x/kernel/sig.o
                                                  obj/Debug/BuguRTOS-0.0.x/kernel/sem.o
_proc_stop                                        obj/Debug/BuguRTOS-0.0.x/kernel/proc.o
                                                  obj/Debug/BuguRTOS-0.0.x/kernel/sig.o
                                                  obj/Debug/BuguRTOS-0.0.x/kernel/sem.o
_sem_try_lock                                     obj/Debug/BuguRTOS-0.0.x/arch/avr/bugurt.o
                                                  obj/Debug/BuguRTOS-0.0.x/kernel/sem.o
_sem_unlock                                       obj/Debug/BuguRTOS-0.0.x/arch/avr/bugurt.o
                                                  obj/Debug/BuguRTOS-0.0.x/kernel/sem.o
_timer                                            obj/Debug/BuguRTOS-0.0.x/arch/avr/bugurt.o
                                                  obj/Debug/main.o
enter_crit_sec                                    obj/Debug/BuguRTOS-0.0.x/arch/avr/bugurt.o
                                                  obj/Debug/main.o
exit                                              /usr/lib/gcc/avr/4.3.3/avr51/libgcc.a(_exit.o)
                                                  /usr/lib/gcc/avr/4.3.3/../../../avr/lib/avr51/crtm128.o
exit_crit_sec                                     obj/Debug/BuguRTOS-0.0.x/arch/avr/bugurt.o
                                                  obj/Debug/main.o
gp01                                              obj/Debug/main.o
gp01_main                                         obj/Debug/main.o
gp02                                              obj/Debug/main.o
gp02_main                                         obj/Debug/main.o
gp03                                              obj/Debug/main.o
gp03_main                                         obj/Debug/main.o
gp11                                              obj/Debug/main.o
gp11_main                                         obj/Debug/main.o
gp12                                              obj/Debug/main.o
gp12_main                                         obj/Debug/main.o
idle                                              obj/Debug/BuguRTOS-0.0.x/arch/avr/bugurt.o
init_bugurt                                       obj/Debug/BuguRTOS-0.0.x/arch/avr/bugurt.o
                                                  obj/Debug/main.o
main                                              obj/Debug/main.o
                                                  /usr/lib/gcc/avr/4.3.3/../../../avr/lib/avr51/crtm128.o
my_sem                                            obj/Debug/main.o
my_sig                                            obj/Debug/main.o
my_sig2                                           obj/Debug/main.o
nested_isr_end                                    obj/Debug/BuguRTOS-0.0.x/arch/avr/bugurt.o
nested_isr_start                                  obj/Debug/BuguRTOS-0.0.x/arch/avr/bugurt.o
osbme_init_stack                                  obj/Debug/osbme/arch/avr/osbme.o
                                                  obj/Debug/BuguRTOS-0.0.x/arch/avr/bugurt.o
osbme_load_context                                obj/Debug/osbme/arch/avr/osbme_asm.o
                                                  obj/Debug/BuguRTOS-0.0.x/arch/avr/bugurt.o
osbme_store_context                               obj/Debug/osbme/arch/avr/osbme_asm.o
                                                  obj/Debug/BuguRTOS-0.0.x/arch/avr/bugurt.o
proc_cut                                          obj/Debug/BuguRTOS-0.0.x/kernel/proc.o
                                                  obj/Debug/BuguRTOS-0.0.x/kernel/sig.o
                                                  obj/Debug/BuguRTOS-0.0.x/kernel/sched.o
proc_fast_cut                                     obj/Debug/BuguRTOS-0.0.x/kernel/proc.o
                                                  obj/Debug/BuguRTOS-0.0.x/kernel/sem.o
proc_init                                         obj/Debug/BuguRTOS-0.0.x/kernel/proc.o
                                                  obj/Debug/main.o
proc_insert                                       obj/Debug/BuguRTOS-0.0.x/kernel/proc.o
                                                  obj/Debug/BuguRTOS-0.0.x/kernel/sig.o
                                                  obj/Debug/BuguRTOS-0.0.x/kernel/sem.o
                                                  obj/Debug/BuguRTOS-0.0.x/kernel/sched.o
proc_move                                         obj/Debug/BuguRTOS-0.0.x/kernel/proc.o
                                                  obj/Debug/BuguRTOS-0.0.x/kernel/sched.o
proc_queue_head                                   obj/Debug/BuguRTOS-0.0.x/kernel/proc.o
                                                  obj/Debug/BuguRTOS-0.0.x/kernel/sig.o
                                                  obj/Debug/BuguRTOS-0.0.x/kernel/sem.o
                                                  obj/Debug/BuguRTOS-0.0.x/kernel/sched.o
proc_queue_switch                                 obj/Debug/BuguRTOS-0.0.x/kernel/proc.o
proc_reset_watchdog                               obj/Debug/BuguRTOS-0.0.x/kernel/proc.o
                                                  obj/Debug/main.o
proc_restart                                      obj/Debug/BuguRTOS-0.0.x/kernel/proc.o
proc_restart_from_isr                             obj/Debug/BuguRTOS-0.0.x/kernel/proc.o
proc_restart_no_resched                           obj/Debug/BuguRTOS-0.0.x/kernel/proc.o
proc_run                                          obj/Debug/BuguRTOS-0.0.x/kernel/proc.o
                                                  obj/Debug/main.o
proc_run_from_isr                                 obj/Debug/BuguRTOS-0.0.x/kernel/proc.o
proc_run_no_resched                               obj/Debug/BuguRTOS-0.0.x/kernel/proc.o
                                                  obj/Debug/main.o
proc_run_wrapper                                  obj/Debug/BuguRTOS-0.0.x/kernel/proc.o
                                                  obj/Debug/BuguRTOS-0.0.x/arch/avr/bugurt.o
proc_self_stop                                    obj/Debug/BuguRTOS-0.0.x/kernel/proc.o
                                                  obj/Debug/main.o
proc_stop                                         obj/Debug/BuguRTOS-0.0.x/kernel/proc.o
proc_stop_from_isr                                obj/Debug/BuguRTOS-0.0.x/kernel/proc.o
proc_stop_no_resched                              obj/Debug/BuguRTOS-0.0.x/kernel/proc.o
                                                  obj/Debug/main.o
resched                                           obj/Debug/BuguRTOS-0.0.x/kernel/sched.o
                                                  obj/Debug/BuguRTOS-0.0.x/arch/avr/bugurt.o
resched_local                                     obj/Debug/main.o
                                                  obj/Debug/BuguRTOS-0.0.x/kernel/sig.o
                                                  obj/Debug/BuguRTOS-0.0.x/kernel/sem.o
                                                  obj/Debug/BuguRTOS-0.0.x/kernel/proc.o
resched_system                                    obj/Debug/main.o
                                                  obj/Debug/BuguRTOS-0.0.x/kernel/sig.o
rt01                                              obj/Debug/main.o
rt01_main                                         obj/Debug/main.o
rt01_timer                                        obj/Debug/main.o
rt02                                              obj/Debug/main.o
rt02_main                                         obj/Debug/main.o
rt03                                              obj/Debug/main.o
rt03_main                                         obj/Debug/main.o
rt11                                              obj/Debug/main.o
rt11_main                                         obj/Debug/main.o
rt12                                              obj/Debug/main.o
rt12_main                                         obj/Debug/main.o
rt21                                              obj/Debug/main.o
rt21_main                                         obj/Debug/main.o
schedule                                          obj/Debug/BuguRTOS-0.0.x/kernel/sched.o
                                                  obj/Debug/BuguRTOS-0.0.x/arch/avr/bugurt.o
scheduler_init                                    obj/Debug/BuguRTOS-0.0.x/kernel/sched.o
                                                  obj/Debug/BuguRTOS-0.0.x/arch/avr/bugurt.o
sem_init                                          obj/Debug/BuguRTOS-0.0.x/kernel/sem.o
                                                  obj/Debug/main.o
sem_lock                                          obj/Debug/BuguRTOS-0.0.x/kernel/sem.o
                                                  obj/Debug/main.o
sem_try_lock                                      obj/Debug/BuguRTOS-0.0.x/kernel/sem.o
sem_unlock                                        obj/Debug/BuguRTOS-0.0.x/kernel/sem.o
                                                  obj/Debug/main.o
sgp01                                             obj/Debug/main.o
sgp02                                             obj/Debug/main.o
sgp03                                             obj/Debug/main.o
sgp11                                             obj/Debug/main.o
sgp12                                             obj/Debug/main.o
sig_broadcast                                     obj/Debug/BuguRTOS-0.0.x/kernel/sig.o
                                                  obj/Debug/main.o
sig_broadcast_from_isr                            obj/Debug/BuguRTOS-0.0.x/kernel/sig.o
sig_broadcast_no_resched                          obj/Debug/BuguRTOS-0.0.x/kernel/sig.o
sig_init                                          obj/Debug/BuguRTOS-0.0.x/kernel/sig.o
                                                  obj/Debug/main.o
sig_signal                                        obj/Debug/BuguRTOS-0.0.x/kernel/sig.o
                                                  obj/Debug/main.o
sig_signal_from_isr                               obj/Debug/BuguRTOS-0.0.x/kernel/sig.o
sig_signal_no_resched                             obj/Debug/BuguRTOS-0.0.x/kernel/sig.o
sig_wait                                          obj/Debug/BuguRTOS-0.0.x/kernel/sig.o
                                                  obj/Debug/main.o
srt01                                             obj/Debug/main.o
srt02                                             obj/Debug/main.o
srt03                                             obj/Debug/main.o
srt11                                             obj/Debug/main.o
srt12                                             obj/Debug/main.o
srt21                                             obj/Debug/main.o
stack_init                                        obj/Debug/BuguRTOS-0.0.x/arch/avr/bugurt.o
                                                  obj/Debug/BuguRTOS-0.0.x/kernel/proc.o
start_bugurt                                      obj/Debug/BuguRTOS-0.0.x/arch/avr/bugurt.o
                                                  obj/Debug/main.o
system_sched                                      obj/Debug/BuguRTOS-0.0.x/kernel/sig.o
                                                  obj/Debug/BuguRTOS-0.0.x/kernel/sem.o
                                                  obj/Debug/BuguRTOS-0.0.x/kernel/sched.o
                                                  obj/Debug/BuguRTOS-0.0.x/kernel/proc.o
                                                  obj/Debug/BuguRTOS-0.0.x/arch/avr/bugurt.o
                                                  obj/Debug/main.o
system_timer                                      obj/Debug/BuguRTOS-0.0.x/arch/avr/bugurt.o
                                                  obj/Debug/main.o
wait_time                                         obj/Debug/BuguRTOS-0.0.x/arch/avr/bugurt.o
                                                  obj/Debug/main.o
